[2026-07-21T07:38:10.077+0000] {local_task_job_runner.py:120} INFO - ::group::Pre task execution logs
[2026-07-21T07:38:10.148+0000] {taskinstance.py:2076} INFO - Dependencies all met for dep_context=non-requeueable deps ti=<TaskInstance: minio_to_snowflake_banking.download_minio scheduled__2026-07-21T07:37:00+00:00 [queued]>
[2026-07-21T07:38:10.166+0000] {taskinstance.py:2076} INFO - Dependencies all met for dep_context=requeueable deps ti=<TaskInstance: minio_to_snowflake_banking.download_minio scheduled__2026-07-21T07:37:00+00:00 [queued]>
[2026-07-21T07:38:10.167+0000] {taskinstance.py:2306} INFO - Starting attempt 1 of 2
[2026-07-21T07:38:10.334+0000] {taskinstance.py:2330} INFO - Executing <Task(PythonOperator): download_minio> on 2026-07-21 07:37:00+00:00
[2026-07-21T07:38:10.363+0000] {standard_task_runner.py:90} INFO - Running: ['***', 'tasks', 'run', 'minio_to_snowflake_banking', 'download_minio', 'scheduled__2026-07-21T07:37:00+00:00', '--job-id', '25', '--raw', '--subdir', 'DAGS_FOLDER/minio_to_snowflake_dags.py', '--cfg-path', '/tmp/tmp0uzsyfnt']
[2026-07-21T07:38:10.374+0000] {standard_task_runner.py:91} INFO - Job 25: Subtask download_minio
[2026-07-21T07:38:10.378+0000] {logging_mixin.py:188} WARNING - /home/***/.local/lib/python3.12/site-packages/***/task/task_runner/standard_task_runner.py:62 DeprecationWarning: This process (pid=795) is multi-threaded, use of fork() may lead to deadlocks in the child.
[2026-07-21T07:38:10.380+0000] {standard_task_runner.py:64} INFO - Started process 810 to run task
[2026-07-21T07:38:10.581+0000] {task_command.py:426} INFO - Running <TaskInstance: minio_to_snowflake_banking.download_minio scheduled__2026-07-21T07:37:00+00:00 [running]> on host 149303f9254a
[2026-07-21T07:38:10.872+0000] {taskinstance.py:2648} INFO - Exporting env vars: AIRFLOW_CTX_DAG_OWNER='***' AIRFLOW_CTX_DAG_ID='minio_to_snowflake_banking' AIRFLOW_CTX_TASK_ID='download_minio' AIRFLOW_CTX_EXECUTION_DATE='2026-07-21T07:37:00+00:00' AIRFLOW_CTX_TRY_NUMBER='1' AIRFLOW_CTX_DAG_RUN_ID='scheduled__2026-07-21T07:37:00+00:00'
[2026-07-21T07:38:10.874+0000] {taskinstance.py:430} INFO - ::endgroup::
[2026-07-21T07:38:11.525+0000] {logging_mixin.py:188} INFO - Downloaded customers/date=2026-07-21/customers_133848829296.parquet -> /tmp/minio_downloads/customers_133848829296.parquet
[2026-07-21T07:38:11.665+0000] {logging_mixin.py:188} INFO - Downloaded accounts/date=2026-07-21/accounts_133849074863.parquet -> /tmp/minio_downloads/accounts_133849074863.parquet
[2026-07-21T07:38:11.715+0000] {logging_mixin.py:188} INFO - Downloaded accounts/date=2026-07-21/accounts_133849285490.parquet -> /tmp/minio_downloads/accounts_133849285490.parquet
[2026-07-21T07:38:11.872+0000] {logging_mixin.py:188} INFO - Downloaded transactions/date=2026-07-21/transactions_133847809355.parquet -> /tmp/minio_downloads/transactions_133847809355.parquet
[2026-07-21T07:38:11.917+0000] {logging_mixin.py:188} INFO - Downloaded transactions/date=2026-07-21/transactions_133848049821.parquet -> /tmp/minio_downloads/transactions_133848049821.parquet
[2026-07-21T07:38:11.960+0000] {logging_mixin.py:188} INFO - Downloaded transactions/date=2026-07-21/transactions_133848242882.parquet -> /tmp/minio_downloads/transactions_133848242882.parquet
[2026-07-21T07:38:12.007+0000] {logging_mixin.py:188} INFO - Downloaded transactions/date=2026-07-21/transactions_133848420970.parquet -> /tmp/minio_downloads/transactions_133848420970.parquet
[2026-07-21T07:38:12.063+0000] {logging_mixin.py:188} INFO - Downloaded transactions/date=2026-07-21/transactions_133848617410.parquet -> /tmp/minio_downloads/transactions_133848617410.parquet
[2026-07-21T07:38:12.066+0000] {python.py:237} INFO - Done. Returned value was: {'customers': ['/tmp/minio_downloads/customers_133848829296.parquet'], 'accounts': ['/tmp/minio_downloads/accounts_133849074863.parquet', '/tmp/minio_downloads/accounts_133849285490.parquet'], 'transactions': ['/tmp/minio_downloads/transactions_133847809355.parquet', '/tmp/minio_downloads/transactions_133848049821.parquet', '/tmp/minio_downloads/transactions_133848242882.parquet', '/tmp/minio_downloads/transactions_133848420970.parquet', '/tmp/minio_downloads/transactions_133848617410.parquet']}
[2026-07-21T07:38:12.067+0000] {taskinstance.py:441} INFO - ::group::Post task execution logs
[2026-07-21T07:38:12.136+0000] {taskinstance.py:1206} INFO - Marking task as SUCCESS. dag_id=minio_to_snowflake_banking, task_id=download_minio, run_id=scheduled__2026-07-21T07:37:00+00:00, execution_date=20260721T073700, start_date=20260721T073810, end_date=20260721T073812
[2026-07-21T07:38:12.209+0000] {local_task_job_runner.py:243} INFO - Task exited with return code 0
[2026-07-21T07:38:12.263+0000] {taskinstance.py:3503} INFO - 1 downstream tasks scheduled from follow-on schedule check
[2026-07-21T07:38:12.268+0000] {local_task_job_runner.py:222} INFO - ::endgroup::
