[2026-07-22T07:53:05.509+0000] {processor.py:161} INFO - Started process (PID=12625) to work on /opt/airflow/dags/scd_snapshot.py
[2026-07-22T07:53:05.512+0000] {processor.py:830} INFO - Processing file /opt/airflow/dags/scd_snapshot.py for tasks to queue
[2026-07-22T07:53:05.516+0000] {logging_mixin.py:188} INFO - [2026-07-22T07:53:05.514+0000] {dagbag.py:545} INFO - Filling up the DagBag from /opt/airflow/dags/scd_snapshot.py
[2026-07-22T07:53:05.620+0000] {processor.py:840} INFO - DAG(s) 'SCD2_snapshots' retrieved from /opt/airflow/dags/scd_snapshot.py
[2026-07-22T07:53:06.419+0000] {logging_mixin.py:188} INFO - [2026-07-22T07:53:06.418+0000] {override.py:1858} INFO - Created Permission View: can read on DAG:SCD2_snapshots
[2026-07-22T07:53:06.456+0000] {logging_mixin.py:188} INFO - [2026-07-22T07:53:06.455+0000] {override.py:1858} INFO - Created Permission View: can edit on DAG:SCD2_snapshots
[2026-07-22T07:53:06.480+0000] {logging_mixin.py:188} INFO - [2026-07-22T07:53:06.479+0000] {override.py:1858} INFO - Created Permission View: can delete on DAG:SCD2_snapshots
[2026-07-22T07:53:06.481+0000] {logging_mixin.py:188} INFO - [2026-07-22T07:53:06.481+0000] {dag.py:3089} INFO - Sync 1 DAGs
[2026-07-22T07:53:06.520+0000] {logging_mixin.py:188} INFO - [2026-07-22T07:53:06.520+0000] {dag.py:3111} INFO - Creating ORM DAG for SCD2_snapshots
[2026-07-22T07:53:06.553+0000] {logging_mixin.py:188} INFO - [2026-07-22T07:53:06.552+0000] {dag.py:3947} INFO - Setting next_dagrun for SCD2_snapshots to 2026-07-21 00:00:00+00:00, run_after=2026-07-22 00:00:00+00:00
[2026-07-22T07:53:07.092+0000] {processor.py:183} INFO - Processing /opt/airflow/dags/scd_snapshot.py took 1.607 seconds
[2026-07-22T07:53:37.449+0000] {processor.py:161} INFO - Started process (PID=12718) to work on /opt/airflow/dags/scd_snapshot.py
[2026-07-22T07:53:37.453+0000] {processor.py:830} INFO - Processing file /opt/airflow/dags/scd_snapshot.py for tasks to queue
[2026-07-22T07:53:37.458+0000] {logging_mixin.py:188} INFO - [2026-07-22T07:53:37.455+0000] {dagbag.py:545} INFO - Filling up the DagBag from /opt/airflow/dags/scd_snapshot.py
[2026-07-22T07:53:37.565+0000] {processor.py:840} INFO - DAG(s) 'SCD2_snapshots' retrieved from /opt/airflow/dags/scd_snapshot.py
[2026-07-22T07:53:37.694+0000] {logging_mixin.py:188} INFO - [2026-07-22T07:53:37.693+0000] {dag.py:3089} INFO - Sync 1 DAGs
[2026-07-22T07:53:37.767+0000] {logging_mixin.py:188} INFO - [2026-07-22T07:53:37.767+0000] {dag.py:3947} INFO - Setting next_dagrun for SCD2_snapshots to 2026-07-21 00:00:00+00:00, run_after=2026-07-22 00:00:00+00:00
[2026-07-22T07:53:37.817+0000] {processor.py:183} INFO - Processing /opt/airflow/dags/scd_snapshot.py took 0.391 seconds
[2026-07-22T07:54:07.967+0000] {processor.py:161} INFO - Started process (PID=12760) to work on /opt/airflow/dags/scd_snapshot.py
[2026-07-22T07:54:07.972+0000] {processor.py:830} INFO - Processing file /opt/airflow/dags/scd_snapshot.py for tasks to queue
[2026-07-22T07:54:07.976+0000] {logging_mixin.py:188} INFO - [2026-07-22T07:54:07.975+0000] {dagbag.py:545} INFO - Filling up the DagBag from /opt/airflow/dags/scd_snapshot.py
[2026-07-22T07:54:08.128+0000] {processor.py:840} INFO - DAG(s) 'SCD2_snapshots' retrieved from /opt/airflow/dags/scd_snapshot.py
[2026-07-22T07:54:08.444+0000] {logging_mixin.py:188} INFO - [2026-07-22T07:54:08.443+0000] {dag.py:3089} INFO - Sync 1 DAGs
[2026-07-22T07:54:08.547+0000] {logging_mixin.py:188} INFO - [2026-07-22T07:54:08.547+0000] {dag.py:3947} INFO - Setting next_dagrun for SCD2_snapshots to 2026-07-21 00:00:00+00:00, run_after=2026-07-22 00:00:00+00:00
[2026-07-22T07:54:08.625+0000] {processor.py:183} INFO - Processing /opt/airflow/dags/scd_snapshot.py took 0.682 seconds
[2026-07-22T07:54:39.741+0000] {processor.py:161} INFO - Started process (PID=12850) to work on /opt/airflow/dags/scd_snapshot.py
[2026-07-22T07:54:39.744+0000] {processor.py:830} INFO - Processing file /opt/airflow/dags/scd_snapshot.py for tasks to queue
[2026-07-22T07:54:39.747+0000] {logging_mixin.py:188} INFO - [2026-07-22T07:54:39.746+0000] {dagbag.py:545} INFO - Filling up the DagBag from /opt/airflow/dags/scd_snapshot.py
[2026-07-22T07:54:39.819+0000] {processor.py:840} INFO - DAG(s) 'SCD2_snapshots' retrieved from /opt/airflow/dags/scd_snapshot.py
[2026-07-22T07:54:39.910+0000] {logging_mixin.py:188} INFO - [2026-07-22T07:54:39.909+0000] {dag.py:3089} INFO - Sync 1 DAGs
[2026-07-22T07:54:39.968+0000] {logging_mixin.py:188} INFO - [2026-07-22T07:54:39.968+0000] {dag.py:3947} INFO - Setting next_dagrun for SCD2_snapshots to 2026-07-21 00:00:00+00:00, run_after=2026-07-22 00:00:00+00:00
[2026-07-22T07:54:40.019+0000] {processor.py:183} INFO - Processing /opt/airflow/dags/scd_snapshot.py took 0.298 seconds
[2026-07-22T07:55:10.232+0000] {processor.py:161} INFO - Started process (PID=12870) to work on /opt/airflow/dags/scd_snapshot.py
[2026-07-22T07:55:10.236+0000] {processor.py:830} INFO - Processing file /opt/airflow/dags/scd_snapshot.py for tasks to queue
[2026-07-22T07:55:10.241+0000] {logging_mixin.py:188} INFO - [2026-07-22T07:55:10.240+0000] {dagbag.py:545} INFO - Filling up the DagBag from /opt/airflow/dags/scd_snapshot.py
[2026-07-22T07:55:10.328+0000] {processor.py:840} INFO - DAG(s) 'SCD2_snapshots' retrieved from /opt/airflow/dags/scd_snapshot.py
[2026-07-22T07:55:10.451+0000] {logging_mixin.py:188} INFO - [2026-07-22T07:55:10.450+0000] {dag.py:3089} INFO - Sync 1 DAGs
[2026-07-22T07:55:10.530+0000] {logging_mixin.py:188} INFO - [2026-07-22T07:55:10.530+0000] {dag.py:3947} INFO - Setting next_dagrun for SCD2_snapshots to 2026-07-21 00:00:00+00:00, run_after=2026-07-22 00:00:00+00:00
[2026-07-22T07:55:10.594+0000] {processor.py:183} INFO - Processing /opt/airflow/dags/scd_snapshot.py took 0.398 seconds
[2026-07-22T07:55:41.014+0000] {processor.py:161} INFO - Started process (PID=12949) to work on /opt/airflow/dags/scd_snapshot.py
[2026-07-22T07:55:41.017+0000] {processor.py:830} INFO - Processing file /opt/airflow/dags/scd_snapshot.py for tasks to queue
[2026-07-22T07:55:41.021+0000] {logging_mixin.py:188} INFO - [2026-07-22T07:55:41.020+0000] {dagbag.py:545} INFO - Filling up the DagBag from /opt/airflow/dags/scd_snapshot.py
[2026-07-22T07:55:41.102+0000] {processor.py:840} INFO - DAG(s) 'SCD2_snapshots' retrieved from /opt/airflow/dags/scd_snapshot.py
[2026-07-22T07:55:41.209+0000] {logging_mixin.py:188} INFO - [2026-07-22T07:55:41.208+0000] {dag.py:3089} INFO - Sync 1 DAGs
[2026-07-22T07:55:41.331+0000] {logging_mixin.py:188} INFO - [2026-07-22T07:55:41.330+0000] {dag.py:3947} INFO - Setting next_dagrun for SCD2_snapshots to 2026-07-21 00:00:00+00:00, run_after=2026-07-22 00:00:00+00:00
[2026-07-22T07:55:41.417+0000] {processor.py:183} INFO - Processing /opt/airflow/dags/scd_snapshot.py took 0.423 seconds
[2026-07-22T07:56:11.739+0000] {processor.py:161} INFO - Started process (PID=12969) to work on /opt/airflow/dags/scd_snapshot.py
[2026-07-22T07:56:11.743+0000] {processor.py:830} INFO - Processing file /opt/airflow/dags/scd_snapshot.py for tasks to queue
[2026-07-22T07:56:11.746+0000] {logging_mixin.py:188} INFO - [2026-07-22T07:56:11.745+0000] {dagbag.py:545} INFO - Filling up the DagBag from /opt/airflow/dags/scd_snapshot.py
[2026-07-22T07:56:11.831+0000] {processor.py:840} INFO - DAG(s) 'SCD2_snapshots' retrieved from /opt/airflow/dags/scd_snapshot.py
[2026-07-22T07:56:11.947+0000] {logging_mixin.py:188} INFO - [2026-07-22T07:56:11.947+0000] {dag.py:3089} INFO - Sync 1 DAGs
[2026-07-22T07:56:12.019+0000] {logging_mixin.py:188} INFO - [2026-07-22T07:56:12.018+0000] {dag.py:3947} INFO - Setting next_dagrun for SCD2_snapshots to 2026-07-21 00:00:00+00:00, run_after=2026-07-22 00:00:00+00:00
[2026-07-22T07:56:12.070+0000] {processor.py:183} INFO - Processing /opt/airflow/dags/scd_snapshot.py took 0.367 seconds
[2026-07-22T07:56:42.681+0000] {processor.py:161} INFO - Started process (PID=13048) to work on /opt/airflow/dags/scd_snapshot.py
[2026-07-22T07:56:42.684+0000] {processor.py:830} INFO - Processing file /opt/airflow/dags/scd_snapshot.py for tasks to queue
[2026-07-22T07:56:42.687+0000] {logging_mixin.py:188} INFO - [2026-07-22T07:56:42.686+0000] {dagbag.py:545} INFO - Filling up the DagBag from /opt/airflow/dags/scd_snapshot.py
[2026-07-22T07:56:42.764+0000] {processor.py:840} INFO - DAG(s) 'SCD2_snapshots' retrieved from /opt/airflow/dags/scd_snapshot.py
[2026-07-22T07:56:42.847+0000] {logging_mixin.py:188} INFO - [2026-07-22T07:56:42.846+0000] {dag.py:3089} INFO - Sync 1 DAGs
[2026-07-22T07:56:42.920+0000] {logging_mixin.py:188} INFO - [2026-07-22T07:56:42.919+0000] {dag.py:3947} INFO - Setting next_dagrun for SCD2_snapshots to 2026-07-21 00:00:00+00:00, run_after=2026-07-22 00:00:00+00:00
[2026-07-22T07:56:42.979+0000] {processor.py:183} INFO - Processing /opt/airflow/dags/scd_snapshot.py took 0.318 seconds
[2026-07-22T07:57:13.311+0000] {processor.py:161} INFO - Started process (PID=13103) to work on /opt/airflow/dags/scd_snapshot.py
[2026-07-22T07:57:13.314+0000] {processor.py:830} INFO - Processing file /opt/airflow/dags/scd_snapshot.py for tasks to queue
[2026-07-22T07:57:13.317+0000] {logging_mixin.py:188} INFO - [2026-07-22T07:57:13.316+0000] {dagbag.py:545} INFO - Filling up the DagBag from /opt/airflow/dags/scd_snapshot.py
[2026-07-22T07:57:13.393+0000] {processor.py:840} INFO - DAG(s) 'SCD2_snapshots' retrieved from /opt/airflow/dags/scd_snapshot.py
[2026-07-22T07:57:13.518+0000] {logging_mixin.py:188} INFO - [2026-07-22T07:57:13.517+0000] {dag.py:3089} INFO - Sync 1 DAGs
[2026-07-22T07:57:13.581+0000] {logging_mixin.py:188} INFO - [2026-07-22T07:57:13.581+0000] {dag.py:3947} INFO - Setting next_dagrun for SCD2_snapshots to 2026-07-21 00:00:00+00:00, run_after=2026-07-22 00:00:00+00:00
[2026-07-22T07:57:13.635+0000] {processor.py:183} INFO - Processing /opt/airflow/dags/scd_snapshot.py took 0.349 seconds
[2026-07-22T07:57:44.302+0000] {processor.py:161} INFO - Started process (PID=13147) to work on /opt/airflow/dags/scd_snapshot.py
[2026-07-22T07:57:44.305+0000] {processor.py:830} INFO - Processing file /opt/airflow/dags/scd_snapshot.py for tasks to queue
[2026-07-22T07:57:44.310+0000] {logging_mixin.py:188} INFO - [2026-07-22T07:57:44.307+0000] {dagbag.py:545} INFO - Filling up the DagBag from /opt/airflow/dags/scd_snapshot.py
[2026-07-22T07:57:44.434+0000] {processor.py:840} INFO - DAG(s) 'SCD2_snapshots' retrieved from /opt/airflow/dags/scd_snapshot.py
[2026-07-22T07:57:44.591+0000] {logging_mixin.py:188} INFO - [2026-07-22T07:57:44.591+0000] {dag.py:3089} INFO - Sync 1 DAGs
[2026-07-22T07:57:44.666+0000] {logging_mixin.py:188} INFO - [2026-07-22T07:57:44.666+0000] {dag.py:3947} INFO - Setting next_dagrun for SCD2_snapshots to 2026-07-21 00:00:00+00:00, run_after=2026-07-22 00:00:00+00:00
[2026-07-22T07:57:44.727+0000] {processor.py:183} INFO - Processing /opt/airflow/dags/scd_snapshot.py took 0.461 seconds
[2026-07-22T07:58:15.241+0000] {processor.py:161} INFO - Started process (PID=13202) to work on /opt/airflow/dags/scd_snapshot.py
[2026-07-22T07:58:15.244+0000] {processor.py:830} INFO - Processing file /opt/airflow/dags/scd_snapshot.py for tasks to queue
[2026-07-22T07:58:15.248+0000] {logging_mixin.py:188} INFO - [2026-07-22T07:58:15.247+0000] {dagbag.py:545} INFO - Filling up the DagBag from /opt/airflow/dags/scd_snapshot.py
[2026-07-22T07:58:15.324+0000] {processor.py:840} INFO - DAG(s) 'SCD2_snapshots' retrieved from /opt/airflow/dags/scd_snapshot.py
[2026-07-22T07:58:15.407+0000] {logging_mixin.py:188} INFO - [2026-07-22T07:58:15.407+0000] {dag.py:3089} INFO - Sync 1 DAGs
[2026-07-22T07:58:15.483+0000] {logging_mixin.py:188} INFO - [2026-07-22T07:58:15.482+0000] {dag.py:3947} INFO - Setting next_dagrun for SCD2_snapshots to 2026-07-21 00:00:00+00:00, run_after=2026-07-22 00:00:00+00:00
[2026-07-22T07:58:15.546+0000] {processor.py:183} INFO - Processing /opt/airflow/dags/scd_snapshot.py took 0.325 seconds
[2026-07-22T07:58:46.537+0000] {processor.py:161} INFO - Started process (PID=13245) to work on /opt/airflow/dags/scd_snapshot.py
[2026-07-22T07:58:46.540+0000] {processor.py:830} INFO - Processing file /opt/airflow/dags/scd_snapshot.py for tasks to queue
[2026-07-22T07:58:46.543+0000] {logging_mixin.py:188} INFO - [2026-07-22T07:58:46.542+0000] {dagbag.py:545} INFO - Filling up the DagBag from /opt/airflow/dags/scd_snapshot.py
[2026-07-22T07:58:46.614+0000] {processor.py:840} INFO - DAG(s) 'SCD2_snapshots' retrieved from /opt/airflow/dags/scd_snapshot.py
[2026-07-22T07:58:46.742+0000] {logging_mixin.py:188} INFO - [2026-07-22T07:58:46.741+0000] {dag.py:3089} INFO - Sync 1 DAGs
[2026-07-22T07:58:46.823+0000] {logging_mixin.py:188} INFO - [2026-07-22T07:58:46.822+0000] {dag.py:3947} INFO - Setting next_dagrun for SCD2_snapshots to 2026-07-21 00:00:00+00:00, run_after=2026-07-22 00:00:00+00:00
[2026-07-22T07:58:46.891+0000] {processor.py:183} INFO - Processing /opt/airflow/dags/scd_snapshot.py took 0.373 seconds
[2026-07-22T07:59:17.181+0000] {processor.py:161} INFO - Started process (PID=13305) to work on /opt/airflow/dags/scd_snapshot.py
[2026-07-22T07:59:17.185+0000] {processor.py:830} INFO - Processing file /opt/airflow/dags/scd_snapshot.py for tasks to queue
[2026-07-22T07:59:17.188+0000] {logging_mixin.py:188} INFO - [2026-07-22T07:59:17.187+0000] {dagbag.py:545} INFO - Filling up the DagBag from /opt/airflow/dags/scd_snapshot.py
[2026-07-22T07:59:17.286+0000] {processor.py:840} INFO - DAG(s) 'SCD2_snapshots' retrieved from /opt/airflow/dags/scd_snapshot.py
[2026-07-22T07:59:17.418+0000] {logging_mixin.py:188} INFO - [2026-07-22T07:59:17.417+0000] {dag.py:3089} INFO - Sync 1 DAGs
[2026-07-22T07:59:17.486+0000] {logging_mixin.py:188} INFO - [2026-07-22T07:59:17.486+0000] {dag.py:3947} INFO - Setting next_dagrun for SCD2_snapshots to 2026-07-21 00:00:00+00:00, run_after=2026-07-22 00:00:00+00:00
[2026-07-22T07:59:17.546+0000] {processor.py:183} INFO - Processing /opt/airflow/dags/scd_snapshot.py took 0.384 seconds
[2026-07-22T07:59:47.791+0000] {processor.py:161} INFO - Started process (PID=13347) to work on /opt/airflow/dags/scd_snapshot.py
[2026-07-22T07:59:47.795+0000] {processor.py:830} INFO - Processing file /opt/airflow/dags/scd_snapshot.py for tasks to queue
[2026-07-22T07:59:47.799+0000] {logging_mixin.py:188} INFO - [2026-07-22T07:59:47.798+0000] {dagbag.py:545} INFO - Filling up the DagBag from /opt/airflow/dags/scd_snapshot.py
[2026-07-22T07:59:47.871+0000] {processor.py:840} INFO - DAG(s) 'SCD2_snapshots' retrieved from /opt/airflow/dags/scd_snapshot.py
[2026-07-22T07:59:47.961+0000] {logging_mixin.py:188} INFO - [2026-07-22T07:59:47.960+0000] {dag.py:3089} INFO - Sync 1 DAGs
[2026-07-22T07:59:48.026+0000] {logging_mixin.py:188} INFO - [2026-07-22T07:59:48.025+0000] {dag.py:3947} INFO - Setting next_dagrun for SCD2_snapshots to 2026-07-21 00:00:00+00:00, run_after=2026-07-22 00:00:00+00:00
[2026-07-22T07:59:48.093+0000] {processor.py:183} INFO - Processing /opt/airflow/dags/scd_snapshot.py took 0.327 seconds
[2026-07-22T08:00:18.452+0000] {processor.py:161} INFO - Started process (PID=13399) to work on /opt/airflow/dags/scd_snapshot.py
[2026-07-22T08:00:18.456+0000] {processor.py:830} INFO - Processing file /opt/airflow/dags/scd_snapshot.py for tasks to queue
[2026-07-22T08:00:18.461+0000] {logging_mixin.py:188} INFO - [2026-07-22T08:00:18.460+0000] {dagbag.py:545} INFO - Filling up the DagBag from /opt/airflow/dags/scd_snapshot.py
[2026-07-22T08:00:18.537+0000] {processor.py:840} INFO - DAG(s) 'SCD2_snapshots' retrieved from /opt/airflow/dags/scd_snapshot.py
[2026-07-22T08:00:18.630+0000] {logging_mixin.py:188} INFO - [2026-07-22T08:00:18.630+0000] {dag.py:3089} INFO - Sync 1 DAGs
[2026-07-22T08:00:18.702+0000] {logging_mixin.py:188} INFO - [2026-07-22T08:00:18.701+0000] {dag.py:3947} INFO - Setting next_dagrun for SCD2_snapshots to 2026-07-21 00:00:00+00:00, run_after=2026-07-22 00:00:00+00:00
[2026-07-22T08:00:18.755+0000] {processor.py:183} INFO - Processing /opt/airflow/dags/scd_snapshot.py took 0.331 seconds
[2026-07-22T08:00:48.908+0000] {processor.py:161} INFO - Started process (PID=13442) to work on /opt/airflow/dags/scd_snapshot.py
[2026-07-22T08:00:48.911+0000] {processor.py:830} INFO - Processing file /opt/airflow/dags/scd_snapshot.py for tasks to queue
[2026-07-22T08:00:48.914+0000] {logging_mixin.py:188} INFO - [2026-07-22T08:00:48.913+0000] {dagbag.py:545} INFO - Filling up the DagBag from /opt/airflow/dags/scd_snapshot.py
[2026-07-22T08:00:48.982+0000] {processor.py:840} INFO - DAG(s) 'SCD2_snapshots' retrieved from /opt/airflow/dags/scd_snapshot.py
[2026-07-22T08:00:49.068+0000] {logging_mixin.py:188} INFO - [2026-07-22T08:00:49.067+0000] {dag.py:3089} INFO - Sync 1 DAGs
[2026-07-22T08:00:49.129+0000] {logging_mixin.py:188} INFO - [2026-07-22T08:00:49.128+0000] {dag.py:3947} INFO - Setting next_dagrun for SCD2_snapshots to 2026-07-21 00:00:00+00:00, run_after=2026-07-22 00:00:00+00:00
[2026-07-22T08:00:49.176+0000] {processor.py:183} INFO - Processing /opt/airflow/dags/scd_snapshot.py took 0.287 seconds
[2026-07-22T08:01:19.362+0000] {processor.py:161} INFO - Started process (PID=13498) to work on /opt/airflow/dags/scd_snapshot.py
[2026-07-22T08:01:19.365+0000] {processor.py:830} INFO - Processing file /opt/airflow/dags/scd_snapshot.py for tasks to queue
[2026-07-22T08:01:19.369+0000] {logging_mixin.py:188} INFO - [2026-07-22T08:01:19.367+0000] {dagbag.py:545} INFO - Filling up the DagBag from /opt/airflow/dags/scd_snapshot.py
[2026-07-22T08:01:19.436+0000] {processor.py:840} INFO - DAG(s) 'SCD2_snapshots' retrieved from /opt/airflow/dags/scd_snapshot.py
[2026-07-22T08:01:19.524+0000] {logging_mixin.py:188} INFO - [2026-07-22T08:01:19.523+0000] {dag.py:3089} INFO - Sync 1 DAGs
[2026-07-22T08:01:19.588+0000] {logging_mixin.py:188} INFO - [2026-07-22T08:01:19.587+0000] {dag.py:3947} INFO - Setting next_dagrun for SCD2_snapshots to 2026-07-21 00:00:00+00:00, run_after=2026-07-22 00:00:00+00:00
[2026-07-22T08:01:19.646+0000] {processor.py:183} INFO - Processing /opt/airflow/dags/scd_snapshot.py took 0.308 seconds
[2026-07-22T08:01:50.851+0000] {processor.py:161} INFO - Started process (PID=13540) to work on /opt/airflow/dags/scd_snapshot.py
[2026-07-22T08:01:50.854+0000] {processor.py:830} INFO - Processing file /opt/airflow/dags/scd_snapshot.py for tasks to queue
[2026-07-22T08:01:50.859+0000] {logging_mixin.py:188} INFO - [2026-07-22T08:01:50.856+0000] {dagbag.py:545} INFO - Filling up the DagBag from /opt/airflow/dags/scd_snapshot.py
[2026-07-22T08:01:50.988+0000] {processor.py:840} INFO - DAG(s) 'SCD2_snapshots' retrieved from /opt/airflow/dags/scd_snapshot.py
[2026-07-22T08:01:51.123+0000] {logging_mixin.py:188} INFO - [2026-07-22T08:01:51.122+0000] {dag.py:3089} INFO - Sync 1 DAGs
[2026-07-22T08:01:51.204+0000] {logging_mixin.py:188} INFO - [2026-07-22T08:01:51.203+0000] {dag.py:3947} INFO - Setting next_dagrun for SCD2_snapshots to 2026-07-21 00:00:00+00:00, run_after=2026-07-22 00:00:00+00:00
[2026-07-22T08:01:51.265+0000] {processor.py:183} INFO - Processing /opt/airflow/dags/scd_snapshot.py took 0.441 seconds
[2026-07-22T08:02:21.810+0000] {processor.py:161} INFO - Started process (PID=13609) to work on /opt/airflow/dags/scd_snapshot.py
[2026-07-22T08:02:21.815+0000] {processor.py:830} INFO - Processing file /opt/airflow/dags/scd_snapshot.py for tasks to queue
[2026-07-22T08:02:21.824+0000] {logging_mixin.py:188} INFO - [2026-07-22T08:02:21.822+0000] {dagbag.py:545} INFO - Filling up the DagBag from /opt/airflow/dags/scd_snapshot.py
[2026-07-22T08:02:21.954+0000] {processor.py:840} INFO - DAG(s) 'SCD2_snapshots' retrieved from /opt/airflow/dags/scd_snapshot.py
[2026-07-22T08:02:22.077+0000] {logging_mixin.py:188} INFO - [2026-07-22T08:02:22.077+0000] {dag.py:3089} INFO - Sync 1 DAGs
[2026-07-22T08:02:22.149+0000] {logging_mixin.py:188} INFO - [2026-07-22T08:02:22.149+0000] {dag.py:3947} INFO - Setting next_dagrun for SCD2_snapshots to 2026-07-21 00:00:00+00:00, run_after=2026-07-22 00:00:00+00:00
[2026-07-22T08:02:22.210+0000] {processor.py:183} INFO - Processing /opt/airflow/dags/scd_snapshot.py took 0.450 seconds
[2026-07-22T08:02:53.057+0000] {processor.py:161} INFO - Started process (PID=13638) to work on /opt/airflow/dags/scd_snapshot.py
[2026-07-22T08:02:53.061+0000] {processor.py:830} INFO - Processing file /opt/airflow/dags/scd_snapshot.py for tasks to queue
[2026-07-22T08:02:53.066+0000] {logging_mixin.py:188} INFO - [2026-07-22T08:02:53.064+0000] {dagbag.py:545} INFO - Filling up the DagBag from /opt/airflow/dags/scd_snapshot.py
[2026-07-22T08:02:53.183+0000] {processor.py:840} INFO - DAG(s) 'SCD2_snapshots' retrieved from /opt/airflow/dags/scd_snapshot.py
[2026-07-22T08:02:53.313+0000] {logging_mixin.py:188} INFO - [2026-07-22T08:02:53.313+0000] {dag.py:3089} INFO - Sync 1 DAGs
[2026-07-22T08:02:53.378+0000] {logging_mixin.py:188} INFO - [2026-07-22T08:02:53.377+0000] {dag.py:3947} INFO - Setting next_dagrun for SCD2_snapshots to 2026-07-21 00:00:00+00:00, run_after=2026-07-22 00:00:00+00:00
[2026-07-22T08:02:53.428+0000] {processor.py:183} INFO - Processing /opt/airflow/dags/scd_snapshot.py took 0.394 seconds
[2026-07-22T08:03:24.259+0000] {processor.py:161} INFO - Started process (PID=13715) to work on /opt/airflow/dags/scd_snapshot.py
[2026-07-22T08:03:24.263+0000] {processor.py:830} INFO - Processing file /opt/airflow/dags/scd_snapshot.py for tasks to queue
[2026-07-22T08:03:24.267+0000] {logging_mixin.py:188} INFO - [2026-07-22T08:03:24.266+0000] {dagbag.py:545} INFO - Filling up the DagBag from /opt/airflow/dags/scd_snapshot.py
[2026-07-22T08:03:24.355+0000] {processor.py:840} INFO - DAG(s) 'SCD2_snapshots' retrieved from /opt/airflow/dags/scd_snapshot.py
[2026-07-22T08:03:24.467+0000] {logging_mixin.py:188} INFO - [2026-07-22T08:03:24.466+0000] {dag.py:3089} INFO - Sync 1 DAGs
[2026-07-22T08:03:24.562+0000] {logging_mixin.py:188} INFO - [2026-07-22T08:03:24.561+0000] {dag.py:3947} INFO - Setting next_dagrun for SCD2_snapshots to 2026-07-21 00:00:00+00:00, run_after=2026-07-22 00:00:00+00:00
[2026-07-22T08:03:24.646+0000] {processor.py:183} INFO - Processing /opt/airflow/dags/scd_snapshot.py took 0.417 seconds
[2026-07-22T08:03:55.111+0000] {processor.py:161} INFO - Started process (PID=13737) to work on /opt/airflow/dags/scd_snapshot.py
[2026-07-22T08:03:55.114+0000] {processor.py:830} INFO - Processing file /opt/airflow/dags/scd_snapshot.py for tasks to queue
[2026-07-22T08:03:55.120+0000] {logging_mixin.py:188} INFO - [2026-07-22T08:03:55.118+0000] {dagbag.py:545} INFO - Filling up the DagBag from /opt/airflow/dags/scd_snapshot.py
[2026-07-22T08:03:55.210+0000] {processor.py:840} INFO - DAG(s) 'SCD2_snapshots' retrieved from /opt/airflow/dags/scd_snapshot.py
[2026-07-22T08:03:55.369+0000] {logging_mixin.py:188} INFO - [2026-07-22T08:03:55.368+0000] {dag.py:3089} INFO - Sync 1 DAGs
[2026-07-22T08:03:55.426+0000] {logging_mixin.py:188} INFO - [2026-07-22T08:03:55.425+0000] {dag.py:3947} INFO - Setting next_dagrun for SCD2_snapshots to 2026-07-21 00:00:00+00:00, run_after=2026-07-22 00:00:00+00:00
[2026-07-22T08:03:55.485+0000] {processor.py:183} INFO - Processing /opt/airflow/dags/scd_snapshot.py took 0.400 seconds
[2026-07-22T08:04:25.629+0000] {processor.py:161} INFO - Started process (PID=13808) to work on /opt/airflow/dags/scd_snapshot.py
[2026-07-22T08:04:25.632+0000] {processor.py:830} INFO - Processing file /opt/airflow/dags/scd_snapshot.py for tasks to queue
[2026-07-22T08:04:25.635+0000] {logging_mixin.py:188} INFO - [2026-07-22T08:04:25.634+0000] {dagbag.py:545} INFO - Filling up the DagBag from /opt/airflow/dags/scd_snapshot.py
[2026-07-22T08:04:25.728+0000] {processor.py:840} INFO - DAG(s) 'SCD2_snapshots' retrieved from /opt/airflow/dags/scd_snapshot.py
[2026-07-22T08:04:25.881+0000] {logging_mixin.py:188} INFO - [2026-07-22T08:04:25.881+0000] {dag.py:3089} INFO - Sync 1 DAGs
[2026-07-22T08:04:25.984+0000] {logging_mixin.py:188} INFO - [2026-07-22T08:04:25.984+0000] {dag.py:3947} INFO - Setting next_dagrun for SCD2_snapshots to 2026-07-21 00:00:00+00:00, run_after=2026-07-22 00:00:00+00:00
[2026-07-22T08:04:26.052+0000] {processor.py:183} INFO - Processing /opt/airflow/dags/scd_snapshot.py took 0.447 seconds
[2026-07-22T08:04:58.293+0000] {processor.py:161} INFO - Started process (PID=13864) to work on /opt/airflow/dags/scd_snapshot.py
[2026-07-22T08:04:58.305+0000] {processor.py:830} INFO - Processing file /opt/airflow/dags/scd_snapshot.py for tasks to queue
[2026-07-22T08:04:58.316+0000] {logging_mixin.py:188} INFO - [2026-07-22T08:04:58.313+0000] {dagbag.py:545} INFO - Filling up the DagBag from /opt/airflow/dags/scd_snapshot.py
[2026-07-22T08:04:58.663+0000] {processor.py:840} INFO - DAG(s) 'SCD2_snapshots' retrieved from /opt/airflow/dags/scd_snapshot.py
[2026-07-22T08:04:59.068+0000] {logging_mixin.py:188} INFO - [2026-07-22T08:04:59.066+0000] {dag.py:3089} INFO - Sync 1 DAGs
[2026-07-22T08:04:59.453+0000] {logging_mixin.py:188} INFO - [2026-07-22T08:04:59.453+0000] {dag.py:3947} INFO - Setting next_dagrun for SCD2_snapshots to 2026-07-22 00:00:00+00:00, run_after=2026-07-23 00:00:00+00:00
[2026-07-22T08:04:59.594+0000] {processor.py:183} INFO - Processing /opt/airflow/dags/scd_snapshot.py took 1.337 seconds
[2026-07-22T08:05:30.831+0000] {processor.py:161} INFO - Started process (PID=13905) to work on /opt/airflow/dags/scd_snapshot.py
[2026-07-22T08:05:30.834+0000] {processor.py:830} INFO - Processing file /opt/airflow/dags/scd_snapshot.py for tasks to queue
[2026-07-22T08:05:30.837+0000] {logging_mixin.py:188} INFO - [2026-07-22T08:05:30.836+0000] {dagbag.py:545} INFO - Filling up the DagBag from /opt/airflow/dags/scd_snapshot.py
[2026-07-22T08:05:30.930+0000] {processor.py:840} INFO - DAG(s) 'SCD2_snapshots' retrieved from /opt/airflow/dags/scd_snapshot.py
[2026-07-22T08:05:31.042+0000] {logging_mixin.py:188} INFO - [2026-07-22T08:05:31.041+0000] {dag.py:3089} INFO - Sync 1 DAGs
[2026-07-22T08:05:31.122+0000] {logging_mixin.py:188} INFO - [2026-07-22T08:05:31.121+0000] {dag.py:3947} INFO - Setting next_dagrun for SCD2_snapshots to 2026-07-22 00:00:00+00:00, run_after=2026-07-23 00:00:00+00:00
[2026-07-22T08:05:31.185+0000] {processor.py:183} INFO - Processing /opt/airflow/dags/scd_snapshot.py took 0.381 seconds
[2026-07-22T08:06:02.411+0000] {processor.py:161} INFO - Started process (PID=13986) to work on /opt/airflow/dags/scd_snapshot.py
[2026-07-22T08:06:02.415+0000] {processor.py:830} INFO - Processing file /opt/airflow/dags/scd_snapshot.py for tasks to queue
[2026-07-22T08:06:02.419+0000] {logging_mixin.py:188} INFO - [2026-07-22T08:06:02.418+0000] {dagbag.py:545} INFO - Filling up the DagBag from /opt/airflow/dags/scd_snapshot.py
[2026-07-22T08:06:02.494+0000] {processor.py:840} INFO - DAG(s) 'SCD2_snapshots' retrieved from /opt/airflow/dags/scd_snapshot.py
[2026-07-22T08:06:02.591+0000] {logging_mixin.py:188} INFO - [2026-07-22T08:06:02.591+0000] {dag.py:3089} INFO - Sync 1 DAGs
[2026-07-22T08:06:02.701+0000] {logging_mixin.py:188} INFO - [2026-07-22T08:06:02.700+0000] {dag.py:3947} INFO - Setting next_dagrun for SCD2_snapshots to 2026-07-22 00:00:00+00:00, run_after=2026-07-23 00:00:00+00:00
[2026-07-22T08:06:02.775+0000] {processor.py:183} INFO - Processing /opt/airflow/dags/scd_snapshot.py took 0.386 seconds
[2026-07-22T08:06:33.150+0000] {processor.py:161} INFO - Started process (PID=14079) to work on /opt/airflow/dags/scd_snapshot.py
[2026-07-22T08:06:33.154+0000] {processor.py:830} INFO - Processing file /opt/airflow/dags/scd_snapshot.py for tasks to queue
[2026-07-22T08:06:33.158+0000] {logging_mixin.py:188} INFO - [2026-07-22T08:06:33.157+0000] {dagbag.py:545} INFO - Filling up the DagBag from /opt/airflow/dags/scd_snapshot.py
[2026-07-22T08:06:33.253+0000] {processor.py:840} INFO - DAG(s) 'SCD2_snapshots' retrieved from /opt/airflow/dags/scd_snapshot.py
[2026-07-22T08:06:33.365+0000] {logging_mixin.py:188} INFO - [2026-07-22T08:06:33.364+0000] {dag.py:3089} INFO - Sync 1 DAGs
[2026-07-22T08:06:33.447+0000] {logging_mixin.py:188} INFO - [2026-07-22T08:06:33.446+0000] {dag.py:3947} INFO - Setting next_dagrun for SCD2_snapshots to 2026-07-22 00:00:00+00:00, run_after=2026-07-23 00:00:00+00:00
[2026-07-22T08:06:33.509+0000] {processor.py:183} INFO - Processing /opt/airflow/dags/scd_snapshot.py took 0.385 seconds
[2026-07-22T08:07:04.393+0000] {processor.py:161} INFO - Started process (PID=14123) to work on /opt/airflow/dags/scd_snapshot.py
[2026-07-22T08:07:04.396+0000] {processor.py:830} INFO - Processing file /opt/airflow/dags/scd_snapshot.py for tasks to queue
[2026-07-22T08:07:04.400+0000] {logging_mixin.py:188} INFO - [2026-07-22T08:07:04.399+0000] {dagbag.py:545} INFO - Filling up the DagBag from /opt/airflow/dags/scd_snapshot.py
[2026-07-22T08:07:04.475+0000] {processor.py:840} INFO - DAG(s) 'SCD2_snapshots' retrieved from /opt/airflow/dags/scd_snapshot.py
[2026-07-22T08:07:04.576+0000] {logging_mixin.py:188} INFO - [2026-07-22T08:07:04.575+0000] {dag.py:3089} INFO - Sync 1 DAGs
[2026-07-22T08:07:04.647+0000] {logging_mixin.py:188} INFO - [2026-07-22T08:07:04.646+0000] {dag.py:3947} INFO - Setting next_dagrun for SCD2_snapshots to 2026-07-22 00:00:00+00:00, run_after=2026-07-23 00:00:00+00:00
[2026-07-22T08:07:04.706+0000] {processor.py:183} INFO - Processing /opt/airflow/dags/scd_snapshot.py took 0.338 seconds
[2026-07-22T08:07:35.662+0000] {processor.py:161} INFO - Started process (PID=14216) to work on /opt/airflow/dags/scd_snapshot.py
[2026-07-22T08:07:35.666+0000] {processor.py:830} INFO - Processing file /opt/airflow/dags/scd_snapshot.py for tasks to queue
[2026-07-22T08:07:35.670+0000] {logging_mixin.py:188} INFO - [2026-07-22T08:07:35.668+0000] {dagbag.py:545} INFO - Filling up the DagBag from /opt/airflow/dags/scd_snapshot.py
[2026-07-22T08:07:35.792+0000] {processor.py:840} INFO - DAG(s) 'SCD2_snapshots' retrieved from /opt/airflow/dags/scd_snapshot.py
[2026-07-22T08:07:35.908+0000] {logging_mixin.py:188} INFO - [2026-07-22T08:07:35.907+0000] {dag.py:3089} INFO - Sync 1 DAGs
[2026-07-22T08:07:36.026+0000] {logging_mixin.py:188} INFO - [2026-07-22T08:07:36.025+0000] {dag.py:3947} INFO - Setting next_dagrun for SCD2_snapshots to 2026-07-22 00:00:00+00:00, run_after=2026-07-23 00:00:00+00:00
[2026-07-22T08:07:36.095+0000] {processor.py:183} INFO - Processing /opt/airflow/dags/scd_snapshot.py took 0.455 seconds
[2026-07-22T08:08:07.471+0000] {processor.py:161} INFO - Started process (PID=14222) to work on /opt/airflow/dags/scd_snapshot.py
[2026-07-22T08:08:07.473+0000] {processor.py:830} INFO - Processing file /opt/airflow/dags/scd_snapshot.py for tasks to queue
[2026-07-22T08:08:07.476+0000] {logging_mixin.py:188} INFO - [2026-07-22T08:08:07.475+0000] {dagbag.py:545} INFO - Filling up the DagBag from /opt/airflow/dags/scd_snapshot.py
[2026-07-22T08:08:07.558+0000] {processor.py:840} INFO - DAG(s) 'SCD2_snapshots' retrieved from /opt/airflow/dags/scd_snapshot.py
[2026-07-22T08:08:07.667+0000] {logging_mixin.py:188} INFO - [2026-07-22T08:08:07.666+0000] {dag.py:3089} INFO - Sync 1 DAGs
[2026-07-22T08:08:07.724+0000] {logging_mixin.py:188} INFO - [2026-07-22T08:08:07.723+0000] {dag.py:3947} INFO - Setting next_dagrun for SCD2_snapshots to 2026-07-22 00:00:00+00:00, run_after=2026-07-23 00:00:00+00:00
[2026-07-22T08:08:07.778+0000] {processor.py:183} INFO - Processing /opt/airflow/dags/scd_snapshot.py took 0.326 seconds
[2026-07-22T08:08:39.980+0000] {processor.py:161} INFO - Started process (PID=14315) to work on /opt/airflow/dags/scd_snapshot.py
[2026-07-22T08:08:39.984+0000] {processor.py:830} INFO - Processing file /opt/airflow/dags/scd_snapshot.py for tasks to queue
[2026-07-22T08:08:39.986+0000] {logging_mixin.py:188} INFO - [2026-07-22T08:08:39.986+0000] {dagbag.py:545} INFO - Filling up the DagBag from /opt/airflow/dags/scd_snapshot.py
[2026-07-22T08:08:40.067+0000] {processor.py:840} INFO - DAG(s) 'SCD2_snapshots' retrieved from /opt/airflow/dags/scd_snapshot.py
[2026-07-22T08:08:40.161+0000] {logging_mixin.py:188} INFO - [2026-07-22T08:08:40.160+0000] {dag.py:3089} INFO - Sync 1 DAGs
[2026-07-22T08:08:40.238+0000] {logging_mixin.py:188} INFO - [2026-07-22T08:08:40.237+0000] {dag.py:3947} INFO - Setting next_dagrun for SCD2_snapshots to 2026-07-22 00:00:00+00:00, run_after=2026-07-23 00:00:00+00:00
[2026-07-22T08:08:40.309+0000] {processor.py:183} INFO - Processing /opt/airflow/dags/scd_snapshot.py took 0.351 seconds
[2026-07-22T08:09:10.568+0000] {processor.py:161} INFO - Started process (PID=14321) to work on /opt/airflow/dags/scd_snapshot.py
[2026-07-22T08:09:10.572+0000] {processor.py:830} INFO - Processing file /opt/airflow/dags/scd_snapshot.py for tasks to queue
[2026-07-22T08:09:10.575+0000] {logging_mixin.py:188} INFO - [2026-07-22T08:09:10.574+0000] {dagbag.py:545} INFO - Filling up the DagBag from /opt/airflow/dags/scd_snapshot.py
[2026-07-22T08:09:10.648+0000] {processor.py:840} INFO - DAG(s) 'SCD2_snapshots' retrieved from /opt/airflow/dags/scd_snapshot.py
[2026-07-22T08:09:10.740+0000] {logging_mixin.py:188} INFO - [2026-07-22T08:09:10.740+0000] {dag.py:3089} INFO - Sync 1 DAGs
[2026-07-22T08:09:10.810+0000] {logging_mixin.py:188} INFO - [2026-07-22T08:09:10.809+0000] {dag.py:3947} INFO - Setting next_dagrun for SCD2_snapshots to 2026-07-22 00:00:00+00:00, run_after=2026-07-23 00:00:00+00:00
[2026-07-22T08:09:10.867+0000] {processor.py:183} INFO - Processing /opt/airflow/dags/scd_snapshot.py took 0.318 seconds
[2026-07-22T08:09:41.844+0000] {processor.py:161} INFO - Started process (PID=14413) to work on /opt/airflow/dags/scd_snapshot.py
[2026-07-22T08:09:41.850+0000] {processor.py:830} INFO - Processing file /opt/airflow/dags/scd_snapshot.py for tasks to queue
[2026-07-22T08:09:41.855+0000] {logging_mixin.py:188} INFO - [2026-07-22T08:09:41.854+0000] {dagbag.py:545} INFO - Filling up the DagBag from /opt/airflow/dags/scd_snapshot.py
[2026-07-22T08:09:42.019+0000] {processor.py:840} INFO - DAG(s) 'SCD2_snapshots' retrieved from /opt/airflow/dags/scd_snapshot.py
[2026-07-22T08:09:42.180+0000] {logging_mixin.py:188} INFO - [2026-07-22T08:09:42.179+0000] {dag.py:3089} INFO - Sync 1 DAGs
[2026-07-22T08:09:42.308+0000] {logging_mixin.py:188} INFO - [2026-07-22T08:09:42.305+0000] {dag.py:3947} INFO - Setting next_dagrun for SCD2_snapshots to 2026-07-22 00:00:00+00:00, run_after=2026-07-23 00:00:00+00:00
[2026-07-22T08:09:42.410+0000] {processor.py:183} INFO - Processing /opt/airflow/dags/scd_snapshot.py took 0.593 seconds
[2026-07-22T08:10:13.108+0000] {processor.py:161} INFO - Started process (PID=14467) to work on /opt/airflow/dags/scd_snapshot.py
[2026-07-22T08:10:13.112+0000] {processor.py:830} INFO - Processing file /opt/airflow/dags/scd_snapshot.py for tasks to queue
[2026-07-22T08:10:13.115+0000] {logging_mixin.py:188} INFO - [2026-07-22T08:10:13.114+0000] {dagbag.py:545} INFO - Filling up the DagBag from /opt/airflow/dags/scd_snapshot.py
[2026-07-22T08:10:13.188+0000] {processor.py:840} INFO - DAG(s) 'SCD2_snapshots' retrieved from /opt/airflow/dags/scd_snapshot.py
[2026-07-22T08:10:13.426+0000] {logging_mixin.py:188} INFO - [2026-07-22T08:10:13.425+0000] {dag.py:3089} INFO - Sync 1 DAGs
[2026-07-22T08:10:13.697+0000] {logging_mixin.py:188} INFO - [2026-07-22T08:10:13.695+0000] {dag.py:3947} INFO - Setting next_dagrun for SCD2_snapshots to 2026-07-22 00:00:00+00:00, run_after=2026-07-23 00:00:00+00:00
[2026-07-22T08:10:13.821+0000] {processor.py:183} INFO - Processing /opt/airflow/dags/scd_snapshot.py took 0.738 seconds
[2026-07-22T08:10:44.352+0000] {processor.py:161} INFO - Started process (PID=14508) to work on /opt/airflow/dags/scd_snapshot.py
[2026-07-22T08:10:44.356+0000] {processor.py:830} INFO - Processing file /opt/airflow/dags/scd_snapshot.py for tasks to queue
[2026-07-22T08:10:44.361+0000] {logging_mixin.py:188} INFO - [2026-07-22T08:10:44.359+0000] {dagbag.py:545} INFO - Filling up the DagBag from /opt/airflow/dags/scd_snapshot.py
[2026-07-22T08:10:44.437+0000] {processor.py:840} INFO - DAG(s) 'SCD2_snapshots' retrieved from /opt/airflow/dags/scd_snapshot.py
[2026-07-22T08:10:44.530+0000] {logging_mixin.py:188} INFO - [2026-07-22T08:10:44.529+0000] {dag.py:3089} INFO - Sync 1 DAGs
[2026-07-22T08:10:44.604+0000] {logging_mixin.py:188} INFO - [2026-07-22T08:10:44.604+0000] {dag.py:3947} INFO - Setting next_dagrun for SCD2_snapshots to 2026-07-22 00:00:00+00:00, run_after=2026-07-23 00:00:00+00:00
[2026-07-22T08:10:44.657+0000] {processor.py:183} INFO - Processing /opt/airflow/dags/scd_snapshot.py took 0.327 seconds
[2026-07-22T08:11:15.824+0000] {processor.py:161} INFO - Started process (PID=14563) to work on /opt/airflow/dags/scd_snapshot.py
[2026-07-22T08:11:15.828+0000] {processor.py:830} INFO - Processing file /opt/airflow/dags/scd_snapshot.py for tasks to queue
[2026-07-22T08:11:15.834+0000] {logging_mixin.py:188} INFO - [2026-07-22T08:11:15.832+0000] {dagbag.py:545} INFO - Filling up the DagBag from /opt/airflow/dags/scd_snapshot.py
[2026-07-22T08:11:15.922+0000] {processor.py:840} INFO - DAG(s) 'SCD2_snapshots' retrieved from /opt/airflow/dags/scd_snapshot.py
[2026-07-22T08:11:16.050+0000] {logging_mixin.py:188} INFO - [2026-07-22T08:11:16.049+0000] {dag.py:3089} INFO - Sync 1 DAGs
[2026-07-22T08:11:16.121+0000] {logging_mixin.py:188} INFO - [2026-07-22T08:11:16.120+0000] {dag.py:3947} INFO - Setting next_dagrun for SCD2_snapshots to 2026-07-22 00:00:00+00:00, run_after=2026-07-23 00:00:00+00:00
[2026-07-22T08:11:16.180+0000] {processor.py:183} INFO - Processing /opt/airflow/dags/scd_snapshot.py took 0.382 seconds
