[2026-07-22T08:11:25.581+0000] {local_task_job_runner.py:120} INFO - ::group::Pre task execution logs
[2026-07-22T08:11:25.654+0000] {taskinstance.py:2076} INFO - Dependencies all met for dep_context=non-requeueable deps ti=<TaskInstance: minio_to_snowflake_banking.load_snowflake scheduled__2026-07-22T08:10:00+00:00 [queued]>
[2026-07-22T08:11:25.675+0000] {taskinstance.py:2076} INFO - Dependencies all met for dep_context=requeueable deps ti=<TaskInstance: minio_to_snowflake_banking.load_snowflake scheduled__2026-07-22T08:10:00+00:00 [queued]>
[2026-07-22T08:11:25.676+0000] {taskinstance.py:2306} INFO - Starting attempt 1 of 2
[2026-07-22T08:11:25.880+0000] {taskinstance.py:2330} INFO - Executing <Task(PythonOperator): load_snowflake> on 2026-07-22 08:10:00+00:00
[2026-07-22T08:11:25.912+0000] {standard_task_runner.py:90} INFO - Running: ['***', 'tasks', 'run', 'minio_to_snowflake_banking', 'load_snowflake', 'scheduled__2026-07-22T08:10:00+00:00', '--job-id', '571', '--raw', '--subdir', 'DAGS_FOLDER/minio_to_snowflake_dags.py', '--cfg-path', '/tmp/tmpqx8qqlhb']
[2026-07-22T08:11:25.920+0000] {standard_task_runner.py:91} INFO - Job 571: Subtask load_snowflake
[2026-07-22T08:11:25.929+0000] {logging_mixin.py:188} WARNING - /home/***/.local/lib/python3.12/site-packages/***/task/task_runner/standard_task_runner.py:62 DeprecationWarning: This process (pid=14564) is multi-threaded, use of fork() may lead to deadlocks in the child.
[2026-07-22T08:11:25.932+0000] {standard_task_runner.py:64} INFO - Started process 14583 to run task
[2026-07-22T08:11:26.103+0000] {task_command.py:426} INFO - Running <TaskInstance: minio_to_snowflake_banking.load_snowflake scheduled__2026-07-22T08:10:00+00:00 [running]> on host 149303f9254a
[2026-07-22T08:11:26.322+0000] {taskinstance.py:2648} INFO - Exporting env vars: AIRFLOW_CTX_DAG_OWNER='***' AIRFLOW_CTX_DAG_ID='minio_to_snowflake_banking' AIRFLOW_CTX_TASK_ID='load_snowflake' AIRFLOW_CTX_EXECUTION_DATE='2026-07-22T08:10:00+00:00' AIRFLOW_CTX_TRY_NUMBER='1' AIRFLOW_CTX_DAG_RUN_ID='scheduled__2026-07-22T08:10:00+00:00'
[2026-07-22T08:11:26.324+0000] {taskinstance.py:430} INFO - ::endgroup::
[2026-07-22T08:11:26.384+0000] {connection.py:642} INFO - Snowflake Connector for Python Version: 4.7.1, Python Version: 3.12.4, Platform: Linux-6.6.87.2-microsoft-standard-WSL2-x86_64-with-glibc2.36
[2026-07-22T08:11:26.387+0000] {connection.py:1765} INFO - Connecting to GLOBAL Snowflake domain
[2026-07-22T08:11:29.770+0000] {logging_mixin.py:188} INFO - Uploaded /tmp/minio_downloads/customers_133848829296.parquet -> @customers stage
[2026-07-22T08:11:30.553+0000] {logging_mixin.py:188} INFO - Uploaded /tmp/minio_downloads/customers_142955516727.parquet -> @customers stage
[2026-07-22T08:11:30.857+0000] {logging_mixin.py:188} INFO - Data loaded into customers
[2026-07-22T08:11:31.016+0000] {logging_mixin.py:188} INFO - Uploaded /tmp/minio_downloads/accounts_133849074863.parquet -> @accounts stage
[2026-07-22T08:11:31.186+0000] {logging_mixin.py:188} INFO - Uploaded /tmp/minio_downloads/accounts_133849285490.parquet -> @accounts stage
[2026-07-22T08:11:31.351+0000] {logging_mixin.py:188} INFO - Uploaded /tmp/minio_downloads/accounts_142955181631.parquet -> @accounts stage
[2026-07-22T08:11:31.492+0000] {logging_mixin.py:188} INFO - Uploaded /tmp/minio_downloads/accounts_142955349533.parquet -> @accounts stage
[2026-07-22T08:11:31.869+0000] {logging_mixin.py:188} INFO - Data loaded into accounts
[2026-07-22T08:11:32.032+0000] {logging_mixin.py:188} INFO - Uploaded /tmp/minio_downloads/transactions_133847809355.parquet -> @transactions stage
[2026-07-22T08:11:32.189+0000] {logging_mixin.py:188} INFO - Uploaded /tmp/minio_downloads/transactions_133848049821.parquet -> @transactions stage
[2026-07-22T08:11:32.362+0000] {logging_mixin.py:188} INFO - Uploaded /tmp/minio_downloads/transactions_133848242882.parquet -> @transactions stage
[2026-07-22T08:11:32.602+0000] {logging_mixin.py:188} INFO - Uploaded /tmp/minio_downloads/transactions_133848420970.parquet -> @transactions stage
[2026-07-22T08:11:32.774+0000] {logging_mixin.py:188} INFO - Uploaded /tmp/minio_downloads/transactions_133848617410.parquet -> @transactions stage
[2026-07-22T08:11:32.922+0000] {logging_mixin.py:188} INFO - Uploaded /tmp/minio_downloads/transactions_142954105755.parquet -> @transactions stage
[2026-07-22T08:11:33.081+0000] {logging_mixin.py:188} INFO - Uploaded /tmp/minio_downloads/transactions_142954318511.parquet -> @transactions stage
[2026-07-22T08:11:33.213+0000] {logging_mixin.py:188} INFO - Uploaded /tmp/minio_downloads/transactions_142954495146.parquet -> @transactions stage
[2026-07-22T08:11:33.350+0000] {logging_mixin.py:188} INFO - Uploaded /tmp/minio_downloads/transactions_142954645582.parquet -> @transactions stage
[2026-07-22T08:11:33.478+0000] {logging_mixin.py:188} INFO - Uploaded /tmp/minio_downloads/transactions_142954847092.parquet -> @transactions stage
[2026-07-22T08:11:33.605+0000] {logging_mixin.py:188} INFO - Uploaded /tmp/minio_downloads/transactions_142955015685.parquet -> @transactions stage
[2026-07-22T08:11:33.923+0000] {logging_mixin.py:188} INFO - Data loaded into transactions
[2026-07-22T08:11:34.025+0000] {python.py:237} INFO - Done. Returned value was: None
[2026-07-22T08:11:34.027+0000] {taskinstance.py:441} INFO - ::group::Post task execution logs
[2026-07-22T08:11:34.072+0000] {taskinstance.py:1206} INFO - Marking task as SUCCESS. dag_id=minio_to_snowflake_banking, task_id=load_snowflake, run_id=scheduled__2026-07-22T08:10:00+00:00, execution_date=20260722T081000, start_date=20260722T081125, end_date=20260722T081134
[2026-07-22T08:11:34.178+0000] {local_task_job_runner.py:243} INFO - Task exited with return code 0
[2026-07-22T08:11:34.236+0000] {taskinstance.py:3503} INFO - 0 downstream tasks scheduled from follow-on schedule check
[2026-07-22T08:11:34.242+0000] {local_task_job_runner.py:222} INFO - ::endgroup::
