[2026-07-22T06:58:14.067+0000] {local_task_job_runner.py:120} INFO - ::group::Pre task execution logs
[2026-07-22T06:58:14.136+0000] {taskinstance.py:2076} INFO - Dependencies all met for dep_context=non-requeueable deps ti=<TaskInstance: minio_to_snowflake_banking.download_minio scheduled__2026-07-22T06:57:00+00:00 [queued]>
[2026-07-22T06:58:14.158+0000] {taskinstance.py:2076} INFO - Dependencies all met for dep_context=requeueable deps ti=<TaskInstance: minio_to_snowflake_banking.download_minio scheduled__2026-07-22T06:57:00+00:00 [queued]>
[2026-07-22T06:58:14.159+0000] {taskinstance.py:2306} INFO - Starting attempt 1 of 2
[2026-07-22T06:58:14.333+0000] {taskinstance.py:2330} INFO - Executing <Task(PythonOperator): download_minio> on 2026-07-22 06:57:00+00:00
[2026-07-22T06:58:14.376+0000] {standard_task_runner.py:90} INFO - Running: ['***', 'tasks', 'run', 'minio_to_snowflake_banking', 'download_minio', 'scheduled__2026-07-22T06:57:00+00:00', '--job-id', '417', '--raw', '--subdir', 'DAGS_FOLDER/minio_to_snowflake_dags.py', '--cfg-path', '/tmp/tmp8c8ejxuk']
[2026-07-22T06:58:14.385+0000] {standard_task_runner.py:91} INFO - Job 417: Subtask download_minio
[2026-07-22T06:58:14.388+0000] {logging_mixin.py:188} WARNING - /home/***/.local/lib/python3.12/site-packages/***/task/task_runner/standard_task_runner.py:62 DeprecationWarning: This process (pid=8222) is multi-threaded, use of fork() may lead to deadlocks in the child.
[2026-07-22T06:58:14.390+0000] {standard_task_runner.py:64} INFO - Started process 8241 to run task
[2026-07-22T06:58:14.551+0000] {task_command.py:426} INFO - Running <TaskInstance: minio_to_snowflake_banking.download_minio scheduled__2026-07-22T06:57:00+00:00 [running]> on host 149303f9254a
[2026-07-22T06:58:14.842+0000] {taskinstance.py:2648} INFO - Exporting env vars: AIRFLOW_CTX_DAG_OWNER='***' AIRFLOW_CTX_DAG_ID='minio_to_snowflake_banking' AIRFLOW_CTX_TASK_ID='download_minio' AIRFLOW_CTX_EXECUTION_DATE='2026-07-22T06:57:00+00:00' AIRFLOW_CTX_TRY_NUMBER='1' AIRFLOW_CTX_DAG_RUN_ID='scheduled__2026-07-22T06:57:00+00:00'
[2026-07-22T06:58:14.855+0000] {taskinstance.py:430} INFO - ::endgroup::
[2026-07-22T06:58:15.678+0000] {logging_mixin.py:188} INFO - Downloaded customers/date=2026-07-21/customers_133848829296.parquet -> /tmp/minio_downloads/customers_133848829296.parquet
[2026-07-22T06:58:15.804+0000] {logging_mixin.py:188} INFO - Downloaded accounts/date=2026-07-21/accounts_133849074863.parquet -> /tmp/minio_downloads/accounts_133849074863.parquet
[2026-07-22T06:58:15.852+0000] {logging_mixin.py:188} INFO - Downloaded accounts/date=2026-07-21/accounts_133849285490.parquet -> /tmp/minio_downloads/accounts_133849285490.parquet
[2026-07-22T06:58:16.023+0000] {logging_mixin.py:188} INFO - Downloaded transactions/date=2026-07-21/transactions_133847809355.parquet -> /tmp/minio_downloads/transactions_133847809355.parquet
[2026-07-22T06:58:16.072+0000] {logging_mixin.py:188} INFO - Downloaded transactions/date=2026-07-21/transactions_133848049821.parquet -> /tmp/minio_downloads/transactions_133848049821.parquet
[2026-07-22T06:58:16.118+0000] {logging_mixin.py:188} INFO - Downloaded transactions/date=2026-07-21/transactions_133848242882.parquet -> /tmp/minio_downloads/transactions_133848242882.parquet
[2026-07-22T06:58:16.160+0000] {logging_mixin.py:188} INFO - Downloaded transactions/date=2026-07-21/transactions_133848420970.parquet -> /tmp/minio_downloads/transactions_133848420970.parquet
[2026-07-22T06:58:16.200+0000] {logging_mixin.py:188} INFO - Downloaded transactions/date=2026-07-21/transactions_133848617410.parquet -> /tmp/minio_downloads/transactions_133848617410.parquet
[2026-07-22T06:58:16.202+0000] {python.py:237} INFO - Done. Returned value was: {'customers': ['/tmp/minio_downloads/customers_133848829296.parquet'], 'accounts': ['/tmp/minio_downloads/accounts_133849074863.parquet', '/tmp/minio_downloads/accounts_133849285490.parquet'], 'transactions': ['/tmp/minio_downloads/transactions_133847809355.parquet', '/tmp/minio_downloads/transactions_133848049821.parquet', '/tmp/minio_downloads/transactions_133848242882.parquet', '/tmp/minio_downloads/transactions_133848420970.parquet', '/tmp/minio_downloads/transactions_133848617410.parquet']}
[2026-07-22T06:58:16.203+0000] {taskinstance.py:441} INFO - ::group::Post task execution logs
[2026-07-22T06:58:16.269+0000] {taskinstance.py:1206} INFO - Marking task as SUCCESS. dag_id=minio_to_snowflake_banking, task_id=download_minio, run_id=scheduled__2026-07-22T06:57:00+00:00, execution_date=20260722T065700, start_date=20260722T065814, end_date=20260722T065816
[2026-07-22T06:58:16.336+0000] {local_task_job_runner.py:243} INFO - Task exited with return code 0
[2026-07-22T06:58:16.380+0000] {taskinstance.py:3503} INFO - 1 downstream tasks scheduled from follow-on schedule check
[2026-07-22T06:58:16.384+0000] {local_task_job_runner.py:222} INFO - ::endgroup::
