[2026-07-22T08:03:09.032+0000] {local_task_job_runner.py:120} INFO - ::group::Pre task execution logs
[2026-07-22T08:03:09.096+0000] {taskinstance.py:2076} INFO - Dependencies all met for dep_context=non-requeueable deps ti=<TaskInstance: minio_to_snowflake_banking.download_minio scheduled__2026-07-22T08:02:00+00:00 [queued]>
[2026-07-22T08:03:09.117+0000] {taskinstance.py:2076} INFO - Dependencies all met for dep_context=requeueable deps ti=<TaskInstance: minio_to_snowflake_banking.download_minio scheduled__2026-07-22T08:02:00+00:00 [queued]>
[2026-07-22T08:03:09.118+0000] {taskinstance.py:2306} INFO - Starting attempt 1 of 2
[2026-07-22T08:03:09.287+0000] {taskinstance.py:2330} INFO - Executing <Task(PythonOperator): download_minio> on 2026-07-22 08:02:00+00:00
[2026-07-22T08:03:09.316+0000] {standard_task_runner.py:90} INFO - Running: ['***', 'tasks', 'run', 'minio_to_snowflake_banking', 'download_minio', 'scheduled__2026-07-22T08:02:00+00:00', '--job-id', '552', '--raw', '--subdir', 'DAGS_FOLDER/minio_to_snowflake_dags.py', '--cfg-path', '/tmp/tmpxarorega']
[2026-07-22T08:03:09.325+0000] {standard_task_runner.py:91} INFO - Job 552: Subtask download_minio
[2026-07-22T08:03:09.329+0000] {logging_mixin.py:188} WARNING - /home/***/.local/lib/python3.12/site-packages/***/task/task_runner/standard_task_runner.py:62 DeprecationWarning: This process (pid=13639) is multi-threaded, use of fork() may lead to deadlocks in the child.
[2026-07-22T08:03:09.332+0000] {standard_task_runner.py:64} INFO - Started process 13658 to run task
[2026-07-22T08:03:09.479+0000] {task_command.py:426} INFO - Running <TaskInstance: minio_to_snowflake_banking.download_minio scheduled__2026-07-22T08:02:00+00:00 [running]> on host 149303f9254a
[2026-07-22T08:03:09.697+0000] {taskinstance.py:2648} INFO - Exporting env vars: AIRFLOW_CTX_DAG_OWNER='***' AIRFLOW_CTX_DAG_ID='minio_to_snowflake_banking' AIRFLOW_CTX_TASK_ID='download_minio' AIRFLOW_CTX_EXECUTION_DATE='2026-07-22T08:02:00+00:00' AIRFLOW_CTX_TRY_NUMBER='1' AIRFLOW_CTX_DAG_RUN_ID='scheduled__2026-07-22T08:02:00+00:00'
[2026-07-22T08:03:09.700+0000] {taskinstance.py:430} INFO - ::endgroup::
[2026-07-22T08:03:10.237+0000] {logging_mixin.py:188} INFO - Downloaded customers/date=2026-07-21/customers_133848829296.parquet -> /tmp/minio_downloads/customers_133848829296.parquet
[2026-07-22T08:03:10.288+0000] {logging_mixin.py:188} INFO - Downloaded customers/date=2026-07-22/customers_142955516727.parquet -> /tmp/minio_downloads/customers_142955516727.parquet
[2026-07-22T08:03:10.436+0000] {logging_mixin.py:188} INFO - Downloaded accounts/date=2026-07-21/accounts_133849074863.parquet -> /tmp/minio_downloads/accounts_133849074863.parquet
[2026-07-22T08:03:10.476+0000] {logging_mixin.py:188} INFO - Downloaded accounts/date=2026-07-21/accounts_133849285490.parquet -> /tmp/minio_downloads/accounts_133849285490.parquet
[2026-07-22T08:03:10.517+0000] {logging_mixin.py:188} INFO - Downloaded accounts/date=2026-07-22/accounts_142955181631.parquet -> /tmp/minio_downloads/accounts_142955181631.parquet
[2026-07-22T08:03:10.563+0000] {logging_mixin.py:188} INFO - Downloaded accounts/date=2026-07-22/accounts_142955349533.parquet -> /tmp/minio_downloads/accounts_142955349533.parquet
[2026-07-22T08:03:10.805+0000] {logging_mixin.py:188} INFO - Downloaded transactions/date=2026-07-21/transactions_133847809355.parquet -> /tmp/minio_downloads/transactions_133847809355.parquet
[2026-07-22T08:03:10.844+0000] {logging_mixin.py:188} INFO - Downloaded transactions/date=2026-07-21/transactions_133848049821.parquet -> /tmp/minio_downloads/transactions_133848049821.parquet
[2026-07-22T08:03:10.882+0000] {logging_mixin.py:188} INFO - Downloaded transactions/date=2026-07-21/transactions_133848242882.parquet -> /tmp/minio_downloads/transactions_133848242882.parquet
[2026-07-22T08:03:10.924+0000] {logging_mixin.py:188} INFO - Downloaded transactions/date=2026-07-21/transactions_133848420970.parquet -> /tmp/minio_downloads/transactions_133848420970.parquet
[2026-07-22T08:03:10.970+0000] {logging_mixin.py:188} INFO - Downloaded transactions/date=2026-07-21/transactions_133848617410.parquet -> /tmp/minio_downloads/transactions_133848617410.parquet
[2026-07-22T08:03:11.010+0000] {logging_mixin.py:188} INFO - Downloaded transactions/date=2026-07-22/transactions_142954105755.parquet -> /tmp/minio_downloads/transactions_142954105755.parquet
[2026-07-22T08:03:11.055+0000] {logging_mixin.py:188} INFO - Downloaded transactions/date=2026-07-22/transactions_142954318511.parquet -> /tmp/minio_downloads/transactions_142954318511.parquet
[2026-07-22T08:03:11.105+0000] {logging_mixin.py:188} INFO - Downloaded transactions/date=2026-07-22/transactions_142954495146.parquet -> /tmp/minio_downloads/transactions_142954495146.parquet
[2026-07-22T08:03:11.144+0000] {logging_mixin.py:188} INFO - Downloaded transactions/date=2026-07-22/transactions_142954645582.parquet -> /tmp/minio_downloads/transactions_142954645582.parquet
[2026-07-22T08:03:11.184+0000] {logging_mixin.py:188} INFO - Downloaded transactions/date=2026-07-22/transactions_142954847092.parquet -> /tmp/minio_downloads/transactions_142954847092.parquet
[2026-07-22T08:03:11.222+0000] {logging_mixin.py:188} INFO - Downloaded transactions/date=2026-07-22/transactions_142955015685.parquet -> /tmp/minio_downloads/transactions_142955015685.parquet
[2026-07-22T08:03:11.224+0000] {python.py:237} INFO - Done. Returned value was: {'customers': ['/tmp/minio_downloads/customers_133848829296.parquet', '/tmp/minio_downloads/customers_142955516727.parquet'], 'accounts': ['/tmp/minio_downloads/accounts_133849074863.parquet', '/tmp/minio_downloads/accounts_133849285490.parquet', '/tmp/minio_downloads/accounts_142955181631.parquet', '/tmp/minio_downloads/accounts_142955349533.parquet'], 'transactions': ['/tmp/minio_downloads/transactions_133847809355.parquet', '/tmp/minio_downloads/transactions_133848049821.parquet', '/tmp/minio_downloads/transactions_133848242882.parquet', '/tmp/minio_downloads/transactions_133848420970.parquet', '/tmp/minio_downloads/transactions_133848617410.parquet', '/tmp/minio_downloads/transactions_142954105755.parquet', '/tmp/minio_downloads/transactions_142954318511.parquet', '/tmp/minio_downloads/transactions_142954495146.parquet', '/tmp/minio_downloads/transactions_142954645582.parquet', '/tmp/minio_downloads/transactions_142954847092.parquet', '/tmp/minio_downloads/transactions_142955015685.parquet']}
[2026-07-22T08:03:11.225+0000] {taskinstance.py:441} INFO - ::group::Post task execution logs
[2026-07-22T08:03:11.289+0000] {taskinstance.py:1206} INFO - Marking task as SUCCESS. dag_id=minio_to_snowflake_banking, task_id=download_minio, run_id=scheduled__2026-07-22T08:02:00+00:00, execution_date=20260722T080200, start_date=20260722T080309, end_date=20260722T080311
[2026-07-22T08:03:11.361+0000] {local_task_job_runner.py:243} INFO - Task exited with return code 0
[2026-07-22T08:03:11.420+0000] {taskinstance.py:3503} INFO - 1 downstream tasks scheduled from follow-on schedule check
[2026-07-22T08:03:11.425+0000] {local_task_job_runner.py:222} INFO - ::endgroup::
