[2026-07-21T08:39:21.739+0000] {local_task_job_runner.py:120} INFO - ::group::Pre task execution logs
[2026-07-21T08:39:21.804+0000] {taskinstance.py:2076} INFO - Dependencies all met for dep_context=non-requeueable deps ti=<TaskInstance: minio_to_snowflake_banking.load_snowflake scheduled__2026-07-21T08:38:00+00:00 [queued]>
[2026-07-21T08:39:21.823+0000] {taskinstance.py:2076} INFO - Dependencies all met for dep_context=requeueable deps ti=<TaskInstance: minio_to_snowflake_banking.load_snowflake scheduled__2026-07-21T08:38:00+00:00 [queued]>
[2026-07-21T08:39:21.824+0000] {taskinstance.py:2306} INFO - Starting attempt 1 of 2
[2026-07-21T08:39:22.045+0000] {taskinstance.py:2330} INFO - Executing <Task(PythonOperator): load_snowflake> on 2026-07-21 08:38:00+00:00
[2026-07-21T08:39:22.080+0000] {standard_task_runner.py:90} INFO - Running: ['***', 'tasks', 'run', 'minio_to_snowflake_banking', 'load_snowflake', 'scheduled__2026-07-21T08:38:00+00:00', '--job-id', '143', '--raw', '--subdir', 'DAGS_FOLDER/minio_to_snowflake_dags.py', '--cfg-path', '/tmp/tmpl41zfnn4']
[2026-07-21T08:39:22.087+0000] {standard_task_runner.py:91} INFO - Job 143: Subtask load_snowflake
[2026-07-21T08:39:22.090+0000] {logging_mixin.py:188} WARNING - /home/***/.local/lib/python3.12/site-packages/***/task/task_runner/standard_task_runner.py:62 DeprecationWarning: This process (pid=4857) is multi-threaded, use of fork() may lead to deadlocks in the child.
[2026-07-21T08:39:22.091+0000] {standard_task_runner.py:64} INFO - Started process 4872 to run task
[2026-07-21T08:39:22.248+0000] {task_command.py:426} INFO - Running <TaskInstance: minio_to_snowflake_banking.load_snowflake scheduled__2026-07-21T08:38:00+00:00 [running]> on host 149303f9254a
[2026-07-21T08:39:22.483+0000] {taskinstance.py:2648} INFO - Exporting env vars: AIRFLOW_CTX_DAG_OWNER='***' AIRFLOW_CTX_DAG_ID='minio_to_snowflake_banking' AIRFLOW_CTX_TASK_ID='load_snowflake' AIRFLOW_CTX_EXECUTION_DATE='2026-07-21T08:38:00+00:00' AIRFLOW_CTX_TRY_NUMBER='1' AIRFLOW_CTX_DAG_RUN_ID='scheduled__2026-07-21T08:38:00+00:00'
[2026-07-21T08:39:22.486+0000] {taskinstance.py:430} INFO - ::endgroup::
[2026-07-21T08:39:22.553+0000] {connection.py:642} INFO - Snowflake Connector for Python Version: 4.7.1, Python Version: 3.12.4, Platform: Linux-6.6.87.2-microsoft-standard-WSL2-x86_64-with-glibc2.36
[2026-07-21T08:39:22.556+0000] {connection.py:1765} INFO - Connecting to GLOBAL Snowflake domain
[2026-07-21T08:39:25.478+0000] {logging_mixin.py:188} INFO - Uploaded /tmp/minio_downloads/customers_133848829296.parquet -> @customers stage
[2026-07-21T08:39:25.793+0000] {logging_mixin.py:188} INFO - Data loaded into customers
[2026-07-21T08:39:25.960+0000] {logging_mixin.py:188} INFO - Uploaded /tmp/minio_downloads/accounts_133849074863.parquet -> @accounts stage
[2026-07-21T08:39:26.118+0000] {logging_mixin.py:188} INFO - Uploaded /tmp/minio_downloads/accounts_133849285490.parquet -> @accounts stage
[2026-07-21T08:39:26.383+0000] {logging_mixin.py:188} INFO - Data loaded into accounts
[2026-07-21T08:39:26.532+0000] {logging_mixin.py:188} INFO - Uploaded /tmp/minio_downloads/transactions_133847809355.parquet -> @transactions stage
[2026-07-21T08:39:26.659+0000] {logging_mixin.py:188} INFO - Uploaded /tmp/minio_downloads/transactions_133848049821.parquet -> @transactions stage
[2026-07-21T08:39:26.813+0000] {logging_mixin.py:188} INFO - Uploaded /tmp/minio_downloads/transactions_133848242882.parquet -> @transactions stage
[2026-07-21T08:39:26.930+0000] {logging_mixin.py:188} INFO - Uploaded /tmp/minio_downloads/transactions_133848420970.parquet -> @transactions stage
[2026-07-21T08:39:27.051+0000] {logging_mixin.py:188} INFO - Uploaded /tmp/minio_downloads/transactions_133848617410.parquet -> @transactions stage
[2026-07-21T08:39:27.307+0000] {logging_mixin.py:188} INFO - Data loaded into transactions
[2026-07-21T08:39:27.416+0000] {python.py:237} INFO - Done. Returned value was: None
[2026-07-21T08:39:27.418+0000] {taskinstance.py:441} INFO - ::group::Post task execution logs
[2026-07-21T08:39:27.467+0000] {taskinstance.py:1206} INFO - Marking task as SUCCESS. dag_id=minio_to_snowflake_banking, task_id=load_snowflake, run_id=scheduled__2026-07-21T08:38:00+00:00, execution_date=20260721T083800, start_date=20260721T083921, end_date=20260721T083927
[2026-07-21T08:39:27.607+0000] {local_task_job_runner.py:243} INFO - Task exited with return code 0
[2026-07-21T08:39:27.660+0000] {taskinstance.py:3503} INFO - 0 downstream tasks scheduled from follow-on schedule check
[2026-07-21T08:39:27.667+0000] {local_task_job_runner.py:222} INFO - ::endgroup::
