[2026-07-22T07:39:13.039+0000] {local_task_job_runner.py:120} INFO - ::group::Pre task execution logs
[2026-07-22T07:39:13.165+0000] {taskinstance.py:2076} INFO - Dependencies all met for dep_context=non-requeueable deps ti=<TaskInstance: minio_to_snowflake_banking.download_minio scheduled__2026-07-22T07:38:00+00:00 [queued]>
[2026-07-22T07:39:13.192+0000] {taskinstance.py:2076} INFO - Dependencies all met for dep_context=requeueable deps ti=<TaskInstance: minio_to_snowflake_banking.download_minio scheduled__2026-07-22T07:38:00+00:00 [queued]>
[2026-07-22T07:39:13.193+0000] {taskinstance.py:2306} INFO - Starting attempt 1 of 2
[2026-07-22T07:39:13.412+0000] {taskinstance.py:2330} INFO - Executing <Task(PythonOperator): download_minio> on 2026-07-22 07:38:00+00:00
[2026-07-22T07:39:13.440+0000] {standard_task_runner.py:90} INFO - Running: ['***', 'tasks', 'run', 'minio_to_snowflake_banking', 'download_minio', 'scheduled__2026-07-22T07:38:00+00:00', '--job-id', '503', '--raw', '--subdir', 'DAGS_FOLDER/minio_to_snowflake_dags.py', '--cfg-path', '/tmp/tmpy78abcer']
[2026-07-22T07:39:13.463+0000] {standard_task_runner.py:91} INFO - Job 503: Subtask download_minio
[2026-07-22T07:39:13.464+0000] {logging_mixin.py:188} WARNING - /home/***/.local/lib/python3.12/site-packages/***/task/task_runner/standard_task_runner.py:62 DeprecationWarning: This process (pid=11310) is multi-threaded, use of fork() may lead to deadlocks in the child.
[2026-07-22T07:39:13.467+0000] {standard_task_runner.py:64} INFO - Started process 11325 to run task
[2026-07-22T07:39:13.802+0000] {task_command.py:426} INFO - Running <TaskInstance: minio_to_snowflake_banking.download_minio scheduled__2026-07-22T07:38:00+00:00 [running]> on host 149303f9254a
[2026-07-22T07:39:14.180+0000] {taskinstance.py:2648} INFO - Exporting env vars: AIRFLOW_CTX_DAG_OWNER='***' AIRFLOW_CTX_DAG_ID='minio_to_snowflake_banking' AIRFLOW_CTX_TASK_ID='download_minio' AIRFLOW_CTX_EXECUTION_DATE='2026-07-22T07:38:00+00:00' AIRFLOW_CTX_TRY_NUMBER='1' AIRFLOW_CTX_DAG_RUN_ID='scheduled__2026-07-22T07:38:00+00:00'
[2026-07-22T07:39:14.186+0000] {taskinstance.py:430} INFO - ::endgroup::
[2026-07-22T07:39:15.297+0000] {logging_mixin.py:188} INFO - Downloaded customers/date=2026-07-21/customers_133848829296.parquet -> /tmp/minio_downloads/customers_133848829296.parquet
[2026-07-22T07:39:15.341+0000] {logging_mixin.py:188} INFO - Downloaded customers/date=2026-07-22/customers_142955516727.parquet -> /tmp/minio_downloads/customers_142955516727.parquet
[2026-07-22T07:39:15.504+0000] {logging_mixin.py:188} INFO - Downloaded accounts/date=2026-07-21/accounts_133849074863.parquet -> /tmp/minio_downloads/accounts_133849074863.parquet
[2026-07-22T07:39:15.549+0000] {logging_mixin.py:188} INFO - Downloaded accounts/date=2026-07-21/accounts_133849285490.parquet -> /tmp/minio_downloads/accounts_133849285490.parquet
[2026-07-22T07:39:15.596+0000] {logging_mixin.py:188} INFO - Downloaded accounts/date=2026-07-22/accounts_142955181631.parquet -> /tmp/minio_downloads/accounts_142955181631.parquet
[2026-07-22T07:39:15.640+0000] {logging_mixin.py:188} INFO - Downloaded accounts/date=2026-07-22/accounts_142955349533.parquet -> /tmp/minio_downloads/accounts_142955349533.parquet
[2026-07-22T07:39:15.856+0000] {logging_mixin.py:188} INFO - Downloaded transactions/date=2026-07-21/transactions_133847809355.parquet -> /tmp/minio_downloads/transactions_133847809355.parquet
[2026-07-22T07:39:15.899+0000] {logging_mixin.py:188} INFO - Downloaded transactions/date=2026-07-21/transactions_133848049821.parquet -> /tmp/minio_downloads/transactions_133848049821.parquet
[2026-07-22T07:39:15.941+0000] {logging_mixin.py:188} INFO - Downloaded transactions/date=2026-07-21/transactions_133848242882.parquet -> /tmp/minio_downloads/transactions_133848242882.parquet
[2026-07-22T07:39:15.981+0000] {logging_mixin.py:188} INFO - Downloaded transactions/date=2026-07-21/transactions_133848420970.parquet -> /tmp/minio_downloads/transactions_133848420970.parquet
[2026-07-22T07:39:16.020+0000] {logging_mixin.py:188} INFO - Downloaded transactions/date=2026-07-21/transactions_133848617410.parquet -> /tmp/minio_downloads/transactions_133848617410.parquet
[2026-07-22T07:39:16.064+0000] {logging_mixin.py:188} INFO - Downloaded transactions/date=2026-07-22/transactions_142954105755.parquet -> /tmp/minio_downloads/transactions_142954105755.parquet
[2026-07-22T07:39:16.107+0000] {logging_mixin.py:188} INFO - Downloaded transactions/date=2026-07-22/transactions_142954318511.parquet -> /tmp/minio_downloads/transactions_142954318511.parquet
[2026-07-22T07:39:16.153+0000] {logging_mixin.py:188} INFO - Downloaded transactions/date=2026-07-22/transactions_142954495146.parquet -> /tmp/minio_downloads/transactions_142954495146.parquet
[2026-07-22T07:39:16.267+0000] {logging_mixin.py:188} INFO - Downloaded transactions/date=2026-07-22/transactions_142954645582.parquet -> /tmp/minio_downloads/transactions_142954645582.parquet
[2026-07-22T07:39:16.316+0000] {logging_mixin.py:188} INFO - Downloaded transactions/date=2026-07-22/transactions_142954847092.parquet -> /tmp/minio_downloads/transactions_142954847092.parquet
[2026-07-22T07:39:16.368+0000] {logging_mixin.py:188} INFO - Downloaded transactions/date=2026-07-22/transactions_142955015685.parquet -> /tmp/minio_downloads/transactions_142955015685.parquet
[2026-07-22T07:39:16.372+0000] {python.py:237} INFO - Done. Returned value was: {'customers': ['/tmp/minio_downloads/customers_133848829296.parquet', '/tmp/minio_downloads/customers_142955516727.parquet'], 'accounts': ['/tmp/minio_downloads/accounts_133849074863.parquet', '/tmp/minio_downloads/accounts_133849285490.parquet', '/tmp/minio_downloads/accounts_142955181631.parquet', '/tmp/minio_downloads/accounts_142955349533.parquet'], 'transactions': ['/tmp/minio_downloads/transactions_133847809355.parquet', '/tmp/minio_downloads/transactions_133848049821.parquet', '/tmp/minio_downloads/transactions_133848242882.parquet', '/tmp/minio_downloads/transactions_133848420970.parquet', '/tmp/minio_downloads/transactions_133848617410.parquet', '/tmp/minio_downloads/transactions_142954105755.parquet', '/tmp/minio_downloads/transactions_142954318511.parquet', '/tmp/minio_downloads/transactions_142954495146.parquet', '/tmp/minio_downloads/transactions_142954645582.parquet', '/tmp/minio_downloads/transactions_142954847092.parquet', '/tmp/minio_downloads/transactions_142955015685.parquet']}
[2026-07-22T07:39:16.374+0000] {taskinstance.py:441} INFO - ::group::Post task execution logs
[2026-07-22T07:39:16.479+0000] {taskinstance.py:1206} INFO - Marking task as SUCCESS. dag_id=minio_to_snowflake_banking, task_id=download_minio, run_id=scheduled__2026-07-22T07:38:00+00:00, execution_date=20260722T073800, start_date=20260722T073913, end_date=20260722T073916
[2026-07-22T07:39:16.545+0000] {local_task_job_runner.py:243} INFO - Task exited with return code 0
[2026-07-22T07:39:16.594+0000] {taskinstance.py:3503} INFO - 1 downstream tasks scheduled from follow-on schedule check
[2026-07-22T07:39:16.599+0000] {local_task_job_runner.py:222} INFO - ::endgroup::
