[2026-07-22T07:59:09.030+0000] {local_task_job_runner.py:120} INFO - ::group::Pre task execution logs
[2026-07-22T07:59:09.114+0000] {taskinstance.py:2076} INFO - Dependencies all met for dep_context=non-requeueable deps ti=<TaskInstance: minio_to_snowflake_banking.download_minio scheduled__2026-07-22T07:58:00+00:00 [queued]>
[2026-07-22T07:59:09.136+0000] {taskinstance.py:2076} INFO - Dependencies all met for dep_context=requeueable deps ti=<TaskInstance: minio_to_snowflake_banking.download_minio scheduled__2026-07-22T07:58:00+00:00 [queued]>
[2026-07-22T07:59:09.137+0000] {taskinstance.py:2306} INFO - Starting attempt 1 of 2
[2026-07-22T07:55:22.339+0000] {taskinstance.py:2330} INFO - Executing <Task(PythonOperator): download_minio> on 2026-07-22 07:58:00+00:00
[2026-07-22T07:55:22.366+0000] {standard_task_runner.py:90} INFO - Running: ['***', 'tasks', 'run', 'minio_to_snowflake_banking', 'download_minio', 'scheduled__2026-07-22T07:58:00+00:00', '--job-id', '544', '--raw', '--subdir', 'DAGS_FOLDER/minio_to_snowflake_dags.py', '--cfg-path', '/tmp/tmp5zid0mfs']
[2026-07-22T07:55:22.376+0000] {standard_task_runner.py:91} INFO - Job 544: Subtask download_minio
[2026-07-22T07:55:22.385+0000] {logging_mixin.py:188} WARNING - /home/***/.local/lib/python3.12/site-packages/***/task/task_runner/standard_task_runner.py:62 DeprecationWarning: This process (pid=13246) is multi-threaded, use of fork() may lead to deadlocks in the child.
[2026-07-22T07:55:22.387+0000] {standard_task_runner.py:64} INFO - Started process 13265 to run task
[2026-07-22T07:59:12.245+0000] {task_command.py:426} INFO - Running <TaskInstance: minio_to_snowflake_banking.download_minio scheduled__2026-07-22T07:58:00+00:00 [running]> on host 149303f9254a
[2026-07-22T07:59:12.572+0000] {taskinstance.py:2648} INFO - Exporting env vars: AIRFLOW_CTX_DAG_OWNER='***' AIRFLOW_CTX_DAG_ID='minio_to_snowflake_banking' AIRFLOW_CTX_TASK_ID='download_minio' AIRFLOW_CTX_EXECUTION_DATE='2026-07-22T07:58:00+00:00' AIRFLOW_CTX_TRY_NUMBER='1' AIRFLOW_CTX_DAG_RUN_ID='scheduled__2026-07-22T07:58:00+00:00'
[2026-07-22T07:59:12.576+0000] {taskinstance.py:430} INFO - ::endgroup::
[2026-07-22T07:59:13.121+0000] {logging_mixin.py:188} INFO - Downloaded customers/date=2026-07-21/customers_133848829296.parquet -> /tmp/minio_downloads/customers_133848829296.parquet
[2026-07-22T07:59:13.161+0000] {logging_mixin.py:188} INFO - Downloaded customers/date=2026-07-22/customers_142955516727.parquet -> /tmp/minio_downloads/customers_142955516727.parquet
[2026-07-22T07:59:13.342+0000] {logging_mixin.py:188} INFO - Downloaded accounts/date=2026-07-21/accounts_133849074863.parquet -> /tmp/minio_downloads/accounts_133849074863.parquet
[2026-07-22T07:59:13.409+0000] {logging_mixin.py:188} INFO - Downloaded accounts/date=2026-07-21/accounts_133849285490.parquet -> /tmp/minio_downloads/accounts_133849285490.parquet
[2026-07-22T07:59:13.462+0000] {logging_mixin.py:188} INFO - Downloaded accounts/date=2026-07-22/accounts_142955181631.parquet -> /tmp/minio_downloads/accounts_142955181631.parquet
[2026-07-22T07:59:13.522+0000] {logging_mixin.py:188} INFO - Downloaded accounts/date=2026-07-22/accounts_142955349533.parquet -> /tmp/minio_downloads/accounts_142955349533.parquet
[2026-07-22T07:59:13.792+0000] {logging_mixin.py:188} INFO - Downloaded transactions/date=2026-07-21/transactions_133847809355.parquet -> /tmp/minio_downloads/transactions_133847809355.parquet
[2026-07-22T07:59:13.838+0000] {logging_mixin.py:188} INFO - Downloaded transactions/date=2026-07-21/transactions_133848049821.parquet -> /tmp/minio_downloads/transactions_133848049821.parquet
[2026-07-22T07:59:13.887+0000] {logging_mixin.py:188} INFO - Downloaded transactions/date=2026-07-21/transactions_133848242882.parquet -> /tmp/minio_downloads/transactions_133848242882.parquet
[2026-07-22T07:59:13.946+0000] {logging_mixin.py:188} INFO - Downloaded transactions/date=2026-07-21/transactions_133848420970.parquet -> /tmp/minio_downloads/transactions_133848420970.parquet
[2026-07-22T07:59:14.004+0000] {logging_mixin.py:188} INFO - Downloaded transactions/date=2026-07-21/transactions_133848617410.parquet -> /tmp/minio_downloads/transactions_133848617410.parquet
[2026-07-22T07:59:14.048+0000] {logging_mixin.py:188} INFO - Downloaded transactions/date=2026-07-22/transactions_142954105755.parquet -> /tmp/minio_downloads/transactions_142954105755.parquet
[2026-07-22T07:59:14.117+0000] {logging_mixin.py:188} INFO - Downloaded transactions/date=2026-07-22/transactions_142954318511.parquet -> /tmp/minio_downloads/transactions_142954318511.parquet
[2026-07-22T07:59:14.169+0000] {logging_mixin.py:188} INFO - Downloaded transactions/date=2026-07-22/transactions_142954495146.parquet -> /tmp/minio_downloads/transactions_142954495146.parquet
[2026-07-22T07:59:14.210+0000] {logging_mixin.py:188} INFO - Downloaded transactions/date=2026-07-22/transactions_142954645582.parquet -> /tmp/minio_downloads/transactions_142954645582.parquet
[2026-07-22T07:59:14.253+0000] {logging_mixin.py:188} INFO - Downloaded transactions/date=2026-07-22/transactions_142954847092.parquet -> /tmp/minio_downloads/transactions_142954847092.parquet
[2026-07-22T07:59:14.297+0000] {logging_mixin.py:188} INFO - Downloaded transactions/date=2026-07-22/transactions_142955015685.parquet -> /tmp/minio_downloads/transactions_142955015685.parquet
[2026-07-22T07:59:14.299+0000] {python.py:237} INFO - Done. Returned value was: {'customers': ['/tmp/minio_downloads/customers_133848829296.parquet', '/tmp/minio_downloads/customers_142955516727.parquet'], 'accounts': ['/tmp/minio_downloads/accounts_133849074863.parquet', '/tmp/minio_downloads/accounts_133849285490.parquet', '/tmp/minio_downloads/accounts_142955181631.parquet', '/tmp/minio_downloads/accounts_142955349533.parquet'], 'transactions': ['/tmp/minio_downloads/transactions_133847809355.parquet', '/tmp/minio_downloads/transactions_133848049821.parquet', '/tmp/minio_downloads/transactions_133848242882.parquet', '/tmp/minio_downloads/transactions_133848420970.parquet', '/tmp/minio_downloads/transactions_133848617410.parquet', '/tmp/minio_downloads/transactions_142954105755.parquet', '/tmp/minio_downloads/transactions_142954318511.parquet', '/tmp/minio_downloads/transactions_142954495146.parquet', '/tmp/minio_downloads/transactions_142954645582.parquet', '/tmp/minio_downloads/transactions_142954847092.parquet', '/tmp/minio_downloads/transactions_142955015685.parquet']}
[2026-07-22T07:59:14.301+0000] {taskinstance.py:441} INFO - ::group::Post task execution logs
[2026-07-22T07:59:14.376+0000] {taskinstance.py:1206} INFO - Marking task as SUCCESS. dag_id=minio_to_snowflake_banking, task_id=download_minio, run_id=scheduled__2026-07-22T07:58:00+00:00, execution_date=20260722T075800, start_date=20260722T075909, end_date=20260722T075914
[2026-07-22T07:59:14.478+0000] {local_task_job_runner.py:243} INFO - Task exited with return code 0
[2026-07-22T07:59:14.523+0000] {taskinstance.py:3503} INFO - 1 downstream tasks scheduled from follow-on schedule check
[2026-07-22T07:59:14.536+0000] {local_task_job_runner.py:222} INFO - ::endgroup::
