[2026-07-21T08:29:35.237+0000] {local_task_job_runner.py:120} INFO - ::group::Pre task execution logs
[2026-07-21T08:29:35.345+0000] {taskinstance.py:2076} INFO - Dependencies all met for dep_context=non-requeueable deps ti=<TaskInstance: minio_to_snowflake_banking.load_snowflake scheduled__2026-07-21T08:28:00+00:00 [queued]>
[2026-07-21T08:29:35.377+0000] {taskinstance.py:2076} INFO - Dependencies all met for dep_context=requeueable deps ti=<TaskInstance: minio_to_snowflake_banking.load_snowflake scheduled__2026-07-21T08:28:00+00:00 [queued]>
[2026-07-21T08:29:35.378+0000] {taskinstance.py:2306} INFO - Starting attempt 1 of 2
[2026-07-21T08:29:35.596+0000] {taskinstance.py:2330} INFO - Executing <Task(PythonOperator): load_snowflake> on 2026-07-21 08:28:00+00:00
[2026-07-21T08:29:35.685+0000] {logging_mixin.py:188} WARNING - /home/***/.local/lib/python3.12/site-packages/***/task/task_runner/standard_task_runner.py:62 DeprecationWarning: This process (pid=4172) is multi-threaded, use of fork() may lead to deadlocks in the child.
[2026-07-21T08:29:35.677+0000] {standard_task_runner.py:90} INFO - Running: ['***', 'tasks', 'run', 'minio_to_snowflake_banking', 'load_snowflake', 'scheduled__2026-07-21T08:28:00+00:00', '--job-id', '123', '--raw', '--subdir', 'DAGS_FOLDER/minio_to_snowflake_dags.py', '--cfg-path', '/tmp/tmp_cmmw7u0']
[2026-07-21T08:29:35.688+0000] {standard_task_runner.py:64} INFO - Started process 4187 to run task
[2026-07-21T08:29:35.689+0000] {standard_task_runner.py:91} INFO - Job 123: Subtask load_snowflake
[2026-07-21T08:29:35.885+0000] {task_command.py:426} INFO - Running <TaskInstance: minio_to_snowflake_banking.load_snowflake scheduled__2026-07-21T08:28:00+00:00 [running]> on host 149303f9254a
[2026-07-21T08:29:36.208+0000] {taskinstance.py:2648} INFO - Exporting env vars: AIRFLOW_CTX_DAG_OWNER='***' AIRFLOW_CTX_DAG_ID='minio_to_snowflake_banking' AIRFLOW_CTX_TASK_ID='load_snowflake' AIRFLOW_CTX_EXECUTION_DATE='2026-07-21T08:28:00+00:00' AIRFLOW_CTX_TRY_NUMBER='1' AIRFLOW_CTX_DAG_RUN_ID='scheduled__2026-07-21T08:28:00+00:00'
[2026-07-21T08:29:36.211+0000] {taskinstance.py:430} INFO - ::endgroup::
[2026-07-21T08:29:36.320+0000] {connection.py:642} INFO - Snowflake Connector for Python Version: 4.7.1, Python Version: 3.12.4, Platform: Linux-6.6.87.2-microsoft-standard-WSL2-x86_64-with-glibc2.36
[2026-07-21T08:29:36.324+0000] {connection.py:1765} INFO - Connecting to GLOBAL Snowflake domain
[2026-07-21T08:29:41.271+0000] {logging_mixin.py:188} INFO - Uploaded /tmp/minio_downloads/customers_133848829296.parquet -> @customers stage
[2026-07-21T08:29:41.670+0000] {logging_mixin.py:188} INFO - Data loaded into customers
[2026-07-21T08:29:41.829+0000] {logging_mixin.py:188} INFO - Uploaded /tmp/minio_downloads/accounts_133849074863.parquet -> @accounts stage
[2026-07-21T08:29:42.002+0000] {logging_mixin.py:188} INFO - Uploaded /tmp/minio_downloads/accounts_133849285490.parquet -> @accounts stage
[2026-07-21T08:29:42.287+0000] {logging_mixin.py:188} INFO - Data loaded into accounts
[2026-07-21T08:29:42.453+0000] {logging_mixin.py:188} INFO - Uploaded /tmp/minio_downloads/transactions_133847809355.parquet -> @transactions stage
[2026-07-21T08:29:42.983+0000] {logging_mixin.py:188} INFO - Uploaded /tmp/minio_downloads/transactions_133848049821.parquet -> @transactions stage
[2026-07-21T08:29:43.143+0000] {logging_mixin.py:188} INFO - Uploaded /tmp/minio_downloads/transactions_133848242882.parquet -> @transactions stage
[2026-07-21T08:29:43.273+0000] {logging_mixin.py:188} INFO - Uploaded /tmp/minio_downloads/transactions_133848420970.parquet -> @transactions stage
[2026-07-21T08:29:43.455+0000] {logging_mixin.py:188} INFO - Uploaded /tmp/minio_downloads/transactions_133848617410.parquet -> @transactions stage
[2026-07-21T08:29:43.724+0000] {logging_mixin.py:188} INFO - Data loaded into transactions
[2026-07-21T08:29:43.828+0000] {python.py:237} INFO - Done. Returned value was: None
[2026-07-21T08:29:43.829+0000] {taskinstance.py:441} INFO - ::group::Post task execution logs
[2026-07-21T08:29:43.867+0000] {taskinstance.py:1206} INFO - Marking task as SUCCESS. dag_id=minio_to_snowflake_banking, task_id=load_snowflake, run_id=scheduled__2026-07-21T08:28:00+00:00, execution_date=20260721T082800, start_date=20260721T082935, end_date=20260721T082943
[2026-07-21T08:29:43.992+0000] {local_task_job_runner.py:243} INFO - Task exited with return code 0
[2026-07-21T08:29:44.043+0000] {taskinstance.py:3503} INFO - 0 downstream tasks scheduled from follow-on schedule check
[2026-07-21T08:29:44.048+0000] {local_task_job_runner.py:222} INFO - ::endgroup::
