[2026-07-22T07:15:18.947+0000] {local_task_job_runner.py:120} INFO - ::group::Pre task execution logs
[2026-07-22T07:15:19.005+0000] {taskinstance.py:2076} INFO - Dependencies all met for dep_context=non-requeueable deps ti=<TaskInstance: minio_to_snowflake_banking.load_snowflake scheduled__2026-07-22T07:14:00+00:00 [queued]>
[2026-07-22T07:15:19.023+0000] {taskinstance.py:2076} INFO - Dependencies all met for dep_context=requeueable deps ti=<TaskInstance: minio_to_snowflake_banking.load_snowflake scheduled__2026-07-22T07:14:00+00:00 [queued]>
[2026-07-22T07:15:19.024+0000] {taskinstance.py:2306} INFO - Starting attempt 1 of 2
[2026-07-22T07:15:19.196+0000] {taskinstance.py:2330} INFO - Executing <Task(PythonOperator): load_snowflake> on 2026-07-22 07:14:00+00:00
[2026-07-22T07:15:19.222+0000] {standard_task_runner.py:90} INFO - Running: ['***', 'tasks', 'run', 'minio_to_snowflake_banking', 'load_snowflake', 'scheduled__2026-07-22T07:14:00+00:00', '--job-id', '453', '--raw', '--subdir', 'DAGS_FOLDER/minio_to_snowflake_dags.py', '--cfg-path', '/tmp/tmpqem1zqrq']
[2026-07-22T07:15:19.233+0000] {standard_task_runner.py:91} INFO - Job 453: Subtask load_snowflake
[2026-07-22T07:15:19.236+0000] {logging_mixin.py:188} WARNING - /home/***/.local/lib/python3.12/site-packages/***/task/task_runner/standard_task_runner.py:62 DeprecationWarning: This process (pid=9442) is multi-threaded, use of fork() may lead to deadlocks in the child.
[2026-07-22T07:15:19.239+0000] {standard_task_runner.py:64} INFO - Started process 9457 to run task
[2026-07-22T07:15:19.454+0000] {task_command.py:426} INFO - Running <TaskInstance: minio_to_snowflake_banking.load_snowflake scheduled__2026-07-22T07:14:00+00:00 [running]> on host 149303f9254a
[2026-07-22T07:15:19.690+0000] {taskinstance.py:2648} INFO - Exporting env vars: AIRFLOW_CTX_DAG_OWNER='***' AIRFLOW_CTX_DAG_ID='minio_to_snowflake_banking' AIRFLOW_CTX_TASK_ID='load_snowflake' AIRFLOW_CTX_EXECUTION_DATE='2026-07-22T07:14:00+00:00' AIRFLOW_CTX_TRY_NUMBER='1' AIRFLOW_CTX_DAG_RUN_ID='scheduled__2026-07-22T07:14:00+00:00'
[2026-07-22T07:15:19.692+0000] {taskinstance.py:430} INFO - ::endgroup::
[2026-07-22T07:15:19.753+0000] {connection.py:642} INFO - Snowflake Connector for Python Version: 4.7.1, Python Version: 3.12.4, Platform: Linux-6.6.87.2-microsoft-standard-WSL2-x86_64-with-glibc2.36
[2026-07-22T07:15:19.756+0000] {connection.py:1765} INFO - Connecting to GLOBAL Snowflake domain
[2026-07-22T07:15:22.315+0000] {logging_mixin.py:188} INFO - Uploaded /tmp/minio_downloads/customers_133848829296.parquet -> @customers stage
[2026-07-22T07:15:22.605+0000] {logging_mixin.py:188} INFO - Data loaded into customers
[2026-07-22T07:15:22.768+0000] {logging_mixin.py:188} INFO - Uploaded /tmp/minio_downloads/accounts_133849074863.parquet -> @accounts stage
[2026-07-22T07:15:22.895+0000] {logging_mixin.py:188} INFO - Uploaded /tmp/minio_downloads/accounts_133849285490.parquet -> @accounts stage
[2026-07-22T07:15:23.417+0000] {logging_mixin.py:188} INFO - Data loaded into accounts
[2026-07-22T07:15:23.536+0000] {logging_mixin.py:188} INFO - Uploaded /tmp/minio_downloads/transactions_133847809355.parquet -> @transactions stage
[2026-07-22T07:15:23.703+0000] {logging_mixin.py:188} INFO - Uploaded /tmp/minio_downloads/transactions_133848049821.parquet -> @transactions stage
[2026-07-22T07:15:23.826+0000] {logging_mixin.py:188} INFO - Uploaded /tmp/minio_downloads/transactions_133848242882.parquet -> @transactions stage
[2026-07-22T07:15:24.208+0000] {logging_mixin.py:188} INFO - Uploaded /tmp/minio_downloads/transactions_133848420970.parquet -> @transactions stage
[2026-07-22T07:15:24.302+0000] {logging_mixin.py:188} INFO - Uploaded /tmp/minio_downloads/transactions_133848617410.parquet -> @transactions stage
[2026-07-22T07:15:24.978+0000] {logging_mixin.py:188} INFO - Data loaded into transactions
[2026-07-22T07:15:25.080+0000] {python.py:237} INFO - Done. Returned value was: None
[2026-07-22T07:15:25.081+0000] {taskinstance.py:441} INFO - ::group::Post task execution logs
[2026-07-22T07:15:25.111+0000] {taskinstance.py:1206} INFO - Marking task as SUCCESS. dag_id=minio_to_snowflake_banking, task_id=load_snowflake, run_id=scheduled__2026-07-22T07:14:00+00:00, execution_date=20260722T071400, start_date=20260722T071519, end_date=20260722T071525
[2026-07-22T07:15:25.220+0000] {local_task_job_runner.py:243} INFO - Task exited with return code 0
[2026-07-22T07:15:25.260+0000] {taskinstance.py:3503} INFO - 0 downstream tasks scheduled from follow-on schedule check
[2026-07-22T07:15:25.264+0000] {local_task_job_runner.py:222} INFO - ::endgroup::
