[0m14:38:07.071094 [debug] [MainThread]: Sending event: {'category': 'dbt', 'action': 'invocation', 'label': 'start', 'context': [<snowplow_tracker.self_describing_json.SelfDescribingJson object at 0x000002530776CC40>, <snowplow_tracker.self_describing_json.SelfDescribingJson object at 0x0000025308E5E0E0>, <snowplow_tracker.self_describing_json.SelfDescribingJson object at 0x0000025308E5DED0>]}


============================== 14:38:07.087111 | be081788-d886-4c30-aad7-7db1393ae989 ==============================
[0m14:38:07.087111 [info ] [MainThread]: Running with dbt=1.12.0
[0m14:38:07.089638 [debug] [MainThread]: running dbt with arguments {'version_check': 'True', 'no_print': 'None', 'maximum_seed_size_mib': '1', 'target_path': 'None', 'static_parser': 'True', 'warn_error_options': 'WarnErrorOptionsV2(error=[], warn=[], silence=[])', 'printer_width': '80', 'write_json': 'True', 'empty': 'None', 'log_cache_events': 'False', 'introspect': 'True', 'cache_selected_only': 'False', 'log_format': 'default', 'debug': 'False', 'fail_fast': 'False', 'profiles_dir': 'C:\\Users\\windos\\.dbt', 'send_anonymous_usage_stats': 'True', 'quiet': 'False', 'warn_error': 'None', 'partial_parse': 'True', 'use_colors': 'True', 'hints_enabled': 'True', 'indirect_selection': 'eager', 'use_experimental_parser': 'False', 'invocation_command': 'dbt init banking_dbt', 'log_path': 'logs'}
[0m14:38:07.192219 [info ] [MainThread]: Creating dbt configuration folder at C:\Users\windos\.dbt
[0m14:38:07.200246 [info ] [MainThread]: A project called banking_dbt already exists here.
[0m14:38:07.203254 [debug] [MainThread]: Command `dbt init` succeeded at 14:38:07.202255 after 0.75 seconds
[0m14:38:07.204254 [debug] [MainThread]: Sending event: {'category': 'dbt', 'action': 'invocation', 'label': 'end', 'context': [<snowplow_tracker.self_describing_json.SelfDescribingJson object at 0x000002530776CC40>, <snowplow_tracker.self_describing_json.SelfDescribingJson object at 0x0000025308E5EDA0>, <snowplow_tracker.self_describing_json.SelfDescribingJson object at 0x0000025308E5DF90>]}
[0m14:38:07.205769 [debug] [MainThread]: Flushing usage events
[0m14:38:08.864021 [debug] [MainThread]: An error was encountered while trying to flush usage events
[0m14:43:31.702228 [debug] [MainThread]: Sending event: {'category': 'dbt', 'action': 'invocation', 'label': 'start', 'context': [<snowplow_tracker.self_describing_json.SelfDescribingJson object at 0x000002ADF71DCD00>, <snowplow_tracker.self_describing_json.SelfDescribingJson object at 0x000002ADF88CA1D0>, <snowplow_tracker.self_describing_json.SelfDescribingJson object at 0x000002ADF88C9F60>]}


============================== 14:43:31.713596 | a302e56b-65d4-43df-a7f9-819d1c41875e ==============================
[0m14:43:31.713596 [info ] [MainThread]: Running with dbt=1.12.0
[0m14:43:31.715623 [debug] [MainThread]: running dbt with arguments {'version_check': 'True', 'no_print': 'None', 'maximum_seed_size_mib': '1', 'warn_error_options': 'WarnErrorOptionsV2(error=[], warn=[], silence=[])', 'static_parser': 'True', 'target_path': 'None', 'printer_width': '80', 'write_json': 'True', 'introspect': 'True', 'log_cache_events': 'False', 'empty': 'None', 'cache_selected_only': 'False', 'fail_fast': 'False', 'debug': 'False', 'log_format': 'default', 'profiles_dir': 'C:\\Users\\windos\\.dbt', 'send_anonymous_usage_stats': 'True', 'quiet': 'False', 'warn_error': 'None', 'partial_parse': 'True', 'use_colors': 'True', 'hints_enabled': 'True', 'invocation_command': 'dbt init banking_dbt', 'use_experimental_parser': 'False', 'indirect_selection': 'eager', 'log_path': 'logs'}
[0m14:43:31.788750 [debug] [MainThread]: Starter project path: C:\laragon\bin\python\python-3.10\lib\site-packages\dbt\include\starter_project
[0m14:43:32.021196 [info ] [MainThread]: Setting up your profile.
[0m14:44:19.546443 [debug] [MainThread]: Snowflake adapter: Setting snowflake.connector to ERROR (file logging only)
[0m14:44:19.549034 [debug] [MainThread]: Snowflake adapter: Setting botocore to ERROR (file logging only)
[0m14:44:19.550713 [debug] [MainThread]: Snowflake adapter: Setting boto3 to ERROR (file logging only)
[0m14:56:08.060019 [info ] [MainThread]: Profile banking_dbt written to C:\Users\windos\.dbt\profiles.yml using target's profile_template.yml and your supplied values.
[0m14:56:08.202430 [info ] [MainThread]: Running dbt debug to validate the project...
[0m14:56:08.220537 [info ] [MainThread]: dbt version: 1.12.0
[0m14:56:08.222907 [info ] [MainThread]: python version: 3.10.6
[0m14:56:08.224011 [info ] [MainThread]: python path: C:\laragon\bin\python\python-3.10\python.exe
[0m14:56:08.228042 [info ] [MainThread]: os info: Windows-10-10.0.26200-SP0
[0m14:56:08.656218 [info ] [MainThread]: Using profiles dir at C:\Users\windos\.dbt
[0m14:56:08.657211 [info ] [MainThread]: Using profiles.yml file at C:\Users\windos\.dbt\profiles.yml
[0m14:56:08.658678 [info ] [MainThread]: Using dbt_project.yml file at D:\Documents\SUKSES\DATA ENGINERING\Banking-Modern-DE\banking_dbt\dbt_project.yml
[0m14:56:08.665019 [info ] [MainThread]: adapter type: snowflake
[0m14:56:08.667207 [info ] [MainThread]: adapter version: 1.12.0
[0m14:56:09.020238 [info ] [MainThread]: Configuration:
[0m14:56:09.022793 [info ] [MainThread]:   profiles.yml file [[32mOK found and valid[0m]
[0m14:56:09.024898 [info ] [MainThread]:   dbt_project.yml file [[32mOK found and valid[0m]
[0m14:56:09.026416 [info ] [MainThread]: Required dependencies:
[0m14:56:09.029740 [debug] [MainThread]: Executing "git --help"
[0m14:56:09.170615 [debug] [MainThread]: STDOUT: "b"usage: git [-v | --version] [-h | --help] [-C <path>] [-c <name>=<value>]\n           [--exec-path[=<path>]] [--html-path] [--man-path] [--info-path]\n           [-p | --paginate | -P | --no-pager] [--no-replace-objects] [--no-lazy-fetch]\n           [--no-optional-locks] [--no-advice] [--bare] [--git-dir=<path>]\n           [--work-tree=<path>] [--namespace=<name>] [--config-env=<name>=<envvar>]\n           <command> [<args>]\n\nThese are common Git commands used in various situations:\n\nstart a working area (see also: git help tutorial)\n   clone      Clone a repository into a new directory\n   init       Create an empty Git repository or reinitialize an existing one\n\nwork on the current change (see also: git help everyday)\n   add        Add file contents to the index\n   mv         Move or rename a file, a directory, or a symlink\n   restore    Restore working tree files\n   rm         Remove files from the working tree and from the index\n\nexamine the history and state (see also: git help revisions)\n   bisect     Use binary search to find the commit that introduced a bug\n   diff       Show changes between commits, commit and working tree, etc\n   grep       Print lines matching a pattern\n   log        Show commit logs\n   show       Show various types of objects\n   status     Show the working tree status\n\ngrow, mark and tweak your common history\n   backfill   Download missing objects in a partial clone\n   branch     List, create, or delete branches\n   commit     Record changes to the repository\n   merge      Join two or more development histories together\n   rebase     Reapply commits on top of another base tip\n   reset      Reset current HEAD to the specified state\n   switch     Switch branches\n   tag        Create, list, delete or verify tags\n\ncollaborate (see also: git help workflows)\n   fetch      Download objects and refs from another repository\n   pull       Fetch from and integrate with another repository or a local branch\n   push       Update remote refs along with associated objects\n\n'git help -a' and 'git help -g' list available subcommands and some\nconcept guides. See 'git help <command>' or 'git help <concept>'\nto read about a specific subcommand or concept.\nSee 'git help git' for an overview of the system.\n""
[0m14:56:09.174163 [debug] [MainThread]: STDERR: "b''"
[0m14:56:09.175163 [info ] [MainThread]:  - git [[32mOK found[0m]

[0m14:56:09.177138 [info ] [MainThread]: Connection:
[0m14:56:09.178887 [info ] [MainThread]:   account: am17332.ap-southeast-3.aws
[0m14:56:09.180064 [info ] [MainThread]:   user: aditiaasas
[0m14:56:09.182069 [info ] [MainThread]:   database: banking
[0m14:56:09.184282 [info ] [MainThread]:   warehouse: COMPUTE_WH
[0m14:56:09.186382 [info ] [MainThread]:   role: accountadmin
[0m14:56:09.188400 [info ] [MainThread]:   schema: analytics
[0m14:56:09.189513 [info ] [MainThread]:   authenticator: None
[0m14:56:09.191617 [info ] [MainThread]:   oauth_client_id: None
[0m14:56:09.192618 [info ] [MainThread]:   query_tag: None
[0m14:56:09.194589 [info ] [MainThread]:   client_session_keep_alive: False
[0m14:56:09.195623 [info ] [MainThread]:   host: None
[0m14:56:09.197625 [info ] [MainThread]:   port: None
[0m14:56:09.199601 [info ] [MainThread]:   proxy_host: None
[0m14:56:09.201863 [info ] [MainThread]:   proxy_port: None
[0m14:56:09.204399 [info ] [MainThread]:   protocol: None
[0m14:56:09.206953 [info ] [MainThread]:   connect_retries: 1
[0m14:56:09.207946 [info ] [MainThread]:   connect_timeout: None
[0m14:56:09.209995 [info ] [MainThread]:   retry_on_database_errors: False
[0m14:56:09.212119 [info ] [MainThread]:   retry_all: False
[0m14:56:09.213120 [info ] [MainThread]:   insecure_mode: False
[0m14:56:09.216604 [info ] [MainThread]:   reuse_connections: True
[0m14:56:09.218396 [info ] [MainThread]:   s3_stage_vpce_dns_name: None
[0m14:56:09.220412 [info ] [MainThread]:   workload_identity_provider: None
[0m14:56:09.221937 [info ] [MainThread]:   workload_identity_entra_resource: None
[0m14:56:09.223682 [info ] [MainThread]:   platform_detection_timeout_seconds: 0.0
[0m14:56:09.230246 [info ] [MainThread]: Registered adapter: snowflake=1.12.0
[0m14:56:13.123072 [debug] [MainThread]: Acquiring new snowflake connection 'debug'
[0m14:56:13.151813 [debug] [MainThread]: Using snowflake connection "debug"
[0m14:56:13.153820 [debug] [MainThread]: On debug: select 1 as id
[0m14:56:13.156482 [debug] [MainThread]: Opening a new connection, currently in state init
[0m14:56:18.456563 [debug] [MainThread]: SQL status: SUCCESS 1 in 5.301 seconds
[0m14:56:18.461242 [info ] [MainThread]:   Connection test: [[32mOK connection ok[0m]

[0m14:56:18.462246 [info ] [MainThread]: [32mAll checks passed![0m
[0m14:56:18.466816 [info ] [MainThread]: Your new dbt project "banking_dbt" was created!
Initialized new project in D:\Documents\SUKSES\DATA ENGINERING\Banking-Modern-DE\banking_dbt\banking_dbt

For more information on how to configure the profiles.yml file,
please consult the dbt documentation here:

  https://docs.getdbt.com/docs/configure-your-profile

One more thing:

Need help? Don't hesitate to reach out to us via GitHub issues or on Slack:

  https://community.getdbt.com/

Happy modeling!

[0m14:56:18.479139 [debug] [MainThread]: Command `dbt init` succeeded at 14:56:18.476104 after 767.16 seconds
[0m14:56:18.483144 [debug] [MainThread]: Connection 'debug' was left open.
[0m14:56:18.485786 [debug] [MainThread]: On debug: Close
[0m14:56:18.592545 [debug] [MainThread]: Sending event: {'category': 'dbt', 'action': 'invocation', 'label': 'end', 'context': [<snowplow_tracker.self_describing_json.SelfDescribingJson object at 0x000002ADF71DCD00>, <snowplow_tracker.self_describing_json.SelfDescribingJson object at 0x000002AD92FC24D0>, <snowplow_tracker.self_describing_json.SelfDescribingJson object at 0x000002ADF74B1240>]}
[0m14:56:18.595546 [debug] [MainThread]: Flushing usage events
[0m14:56:20.330434 [debug] [MainThread]: An error was encountered while trying to flush usage events
