[2026-07-22T05:12:07.937+0000] {local_task_job_runner.py:120} INFO - ::group::Pre task execution logs
[2026-07-22T05:12:07.995+0000] {taskinstance.py:2076} INFO - Dependencies all met for dep_context=non-requeueable deps ti=<TaskInstance: minio_to_snowflake_banking.download_minio scheduled__2026-07-22T05:11:00+00:00 [queued]>
[2026-07-22T05:12:08.013+0000] {taskinstance.py:2076} INFO - Dependencies all met for dep_context=requeueable deps ti=<TaskInstance: minio_to_snowflake_banking.download_minio scheduled__2026-07-22T05:11:00+00:00 [queued]>
[2026-07-22T05:12:08.014+0000] {taskinstance.py:2306} INFO - Starting attempt 1 of 2
[2026-07-22T05:12:08.163+0000] {taskinstance.py:2330} INFO - Executing <Task(PythonOperator): download_minio> on 2026-07-22 05:11:00+00:00
[2026-07-22T05:12:08.188+0000] {standard_task_runner.py:90} INFO - Running: ['***', 'tasks', 'run', 'minio_to_snowflake_banking', 'download_minio', 'scheduled__2026-07-22T05:11:00+00:00', '--job-id', '203', '--raw', '--subdir', 'DAGS_FOLDER/minio_to_snowflake_dags.py', '--cfg-path', '/tmp/tmpelhtx_2k']
[2026-07-22T05:12:08.197+0000] {standard_task_runner.py:91} INFO - Job 203: Subtask download_minio
[2026-07-22T05:12:08.201+0000] {logging_mixin.py:188} WARNING - /home/***/.local/lib/python3.12/site-packages/***/task/task_runner/standard_task_runner.py:62 DeprecationWarning: This process (pid=913) is multi-threaded, use of fork() may lead to deadlocks in the child.
[2026-07-22T05:12:08.203+0000] {standard_task_runner.py:64} INFO - Started process 928 to run task
[2026-07-22T05:12:08.353+0000] {task_command.py:426} INFO - Running <TaskInstance: minio_to_snowflake_banking.download_minio scheduled__2026-07-22T05:11:00+00:00 [running]> on host 149303f9254a
[2026-07-22T05:12:08.563+0000] {taskinstance.py:2648} INFO - Exporting env vars: AIRFLOW_CTX_DAG_OWNER='***' AIRFLOW_CTX_DAG_ID='minio_to_snowflake_banking' AIRFLOW_CTX_TASK_ID='download_minio' AIRFLOW_CTX_EXECUTION_DATE='2026-07-22T05:11:00+00:00' AIRFLOW_CTX_TRY_NUMBER='1' AIRFLOW_CTX_DAG_RUN_ID='scheduled__2026-07-22T05:11:00+00:00'
[2026-07-22T05:12:08.565+0000] {taskinstance.py:430} INFO - ::endgroup::
[2026-07-22T05:12:08.966+0000] {logging_mixin.py:188} INFO - Downloaded customers/date=2026-07-21/customers_133848829296.parquet -> /tmp/minio_downloads/customers_133848829296.parquet
[2026-07-22T05:12:09.066+0000] {logging_mixin.py:188} INFO - Downloaded accounts/date=2026-07-21/accounts_133849074863.parquet -> /tmp/minio_downloads/accounts_133849074863.parquet
[2026-07-22T05:12:09.101+0000] {logging_mixin.py:188} INFO - Downloaded accounts/date=2026-07-21/accounts_133849285490.parquet -> /tmp/minio_downloads/accounts_133849285490.parquet
[2026-07-22T05:12:09.215+0000] {logging_mixin.py:188} INFO - Downloaded transactions/date=2026-07-21/transactions_133847809355.parquet -> /tmp/minio_downloads/transactions_133847809355.parquet
[2026-07-22T05:12:09.254+0000] {logging_mixin.py:188} INFO - Downloaded transactions/date=2026-07-21/transactions_133848049821.parquet -> /tmp/minio_downloads/transactions_133848049821.parquet
[2026-07-22T05:12:09.291+0000] {logging_mixin.py:188} INFO - Downloaded transactions/date=2026-07-21/transactions_133848242882.parquet -> /tmp/minio_downloads/transactions_133848242882.parquet
[2026-07-22T05:12:09.328+0000] {logging_mixin.py:188} INFO - Downloaded transactions/date=2026-07-21/transactions_133848420970.parquet -> /tmp/minio_downloads/transactions_133848420970.parquet
[2026-07-22T05:12:09.368+0000] {logging_mixin.py:188} INFO - Downloaded transactions/date=2026-07-21/transactions_133848617410.parquet -> /tmp/minio_downloads/transactions_133848617410.parquet
[2026-07-22T05:12:09.370+0000] {python.py:237} INFO - Done. Returned value was: {'customers': ['/tmp/minio_downloads/customers_133848829296.parquet'], 'accounts': ['/tmp/minio_downloads/accounts_133849074863.parquet', '/tmp/minio_downloads/accounts_133849285490.parquet'], 'transactions': ['/tmp/minio_downloads/transactions_133847809355.parquet', '/tmp/minio_downloads/transactions_133848049821.parquet', '/tmp/minio_downloads/transactions_133848242882.parquet', '/tmp/minio_downloads/transactions_133848420970.parquet', '/tmp/minio_downloads/transactions_133848617410.parquet']}
[2026-07-22T05:12:09.371+0000] {taskinstance.py:441} INFO - ::group::Post task execution logs
[2026-07-22T05:12:09.429+0000] {taskinstance.py:1206} INFO - Marking task as SUCCESS. dag_id=minio_to_snowflake_banking, task_id=download_minio, run_id=scheduled__2026-07-22T05:11:00+00:00, execution_date=20260722T051100, start_date=20260722T051207, end_date=20260722T051209
[2026-07-22T05:12:09.504+0000] {local_task_job_runner.py:243} INFO - Task exited with return code 0
[2026-07-22T05:12:09.546+0000] {taskinstance.py:3503} INFO - 1 downstream tasks scheduled from follow-on schedule check
[2026-07-22T05:12:09.551+0000] {local_task_job_runner.py:222} INFO - ::endgroup::
