[2026-07-21T08:15:26.451+0000] {local_task_job_runner.py:120} INFO - ::group::Pre task execution logs
[2026-07-21T08:15:26.535+0000] {taskinstance.py:2076} INFO - Dependencies all met for dep_context=non-requeueable deps ti=<TaskInstance: minio_to_snowflake_banking.load_snowflake scheduled__2026-07-21T08:14:00+00:00 [queued]>
[2026-07-21T08:15:26.554+0000] {taskinstance.py:2076} INFO - Dependencies all met for dep_context=requeueable deps ti=<TaskInstance: minio_to_snowflake_banking.load_snowflake scheduled__2026-07-21T08:14:00+00:00 [queued]>
[2026-07-21T08:15:26.555+0000] {taskinstance.py:2306} INFO - Starting attempt 1 of 2
[2026-07-21T08:15:26.745+0000] {taskinstance.py:2330} INFO - Executing <Task(PythonOperator): load_snowflake> on 2026-07-21 08:14:00+00:00
[2026-07-21T08:15:26.792+0000] {standard_task_runner.py:90} INFO - Running: ['***', 'tasks', 'run', 'minio_to_snowflake_banking', 'load_snowflake', 'scheduled__2026-07-21T08:14:00+00:00', '--job-id', '95', '--raw', '--subdir', 'DAGS_FOLDER/minio_to_snowflake_dags.py', '--cfg-path', '/tmp/tmp3c95v7xc']
[2026-07-21T08:15:26.807+0000] {standard_task_runner.py:91} INFO - Job 95: Subtask load_snowflake
[2026-07-21T08:15:26.807+0000] {logging_mixin.py:188} WARNING - /home/***/.local/lib/python3.12/site-packages/***/task/task_runner/standard_task_runner.py:62 DeprecationWarning: This process (pid=3208) is multi-threaded, use of fork() may lead to deadlocks in the child.
[2026-07-21T08:15:26.813+0000] {standard_task_runner.py:64} INFO - Started process 3223 to run task
[2026-07-21T08:15:26.979+0000] {task_command.py:426} INFO - Running <TaskInstance: minio_to_snowflake_banking.load_snowflake scheduled__2026-07-21T08:14:00+00:00 [running]> on host 149303f9254a
[2026-07-21T08:15:27.211+0000] {taskinstance.py:2648} INFO - Exporting env vars: AIRFLOW_CTX_DAG_OWNER='***' AIRFLOW_CTX_DAG_ID='minio_to_snowflake_banking' AIRFLOW_CTX_TASK_ID='load_snowflake' AIRFLOW_CTX_EXECUTION_DATE='2026-07-21T08:14:00+00:00' AIRFLOW_CTX_TRY_NUMBER='1' AIRFLOW_CTX_DAG_RUN_ID='scheduled__2026-07-21T08:14:00+00:00'
[2026-07-21T08:15:27.214+0000] {taskinstance.py:430} INFO - ::endgroup::
[2026-07-21T08:15:27.273+0000] {connection.py:642} INFO - Snowflake Connector for Python Version: 4.7.1, Python Version: 3.12.4, Platform: Linux-6.6.87.2-microsoft-standard-WSL2-x86_64-with-glibc2.36
[2026-07-21T08:15:27.281+0000] {connection.py:1765} INFO - Connecting to GLOBAL Snowflake domain
[2026-07-21T08:15:32.666+0000] {logging_mixin.py:188} INFO - Uploaded /tmp/minio_downloads/customers_133848829296.parquet -> @customers stage
[2026-07-21T08:15:33.005+0000] {logging_mixin.py:188} INFO - Data loaded into customers
[2026-07-21T08:15:33.189+0000] {logging_mixin.py:188} INFO - Uploaded /tmp/minio_downloads/accounts_133849074863.parquet -> @accounts stage
[2026-07-21T08:15:33.369+0000] {logging_mixin.py:188} INFO - Uploaded /tmp/minio_downloads/accounts_133849285490.parquet -> @accounts stage
[2026-07-21T08:15:33.762+0000] {logging_mixin.py:188} INFO - Data loaded into accounts
[2026-07-21T08:15:34.052+0000] {logging_mixin.py:188} INFO - Uploaded /tmp/minio_downloads/transactions_133847809355.parquet -> @transactions stage
[2026-07-21T08:15:34.227+0000] {logging_mixin.py:188} INFO - Uploaded /tmp/minio_downloads/transactions_133848049821.parquet -> @transactions stage
[2026-07-21T08:15:34.435+0000] {logging_mixin.py:188} INFO - Uploaded /tmp/minio_downloads/transactions_133848242882.parquet -> @transactions stage
[2026-07-21T08:15:34.569+0000] {logging_mixin.py:188} INFO - Uploaded /tmp/minio_downloads/transactions_133848420970.parquet -> @transactions stage
[2026-07-21T08:15:34.720+0000] {logging_mixin.py:188} INFO - Uploaded /tmp/minio_downloads/transactions_133848617410.parquet -> @transactions stage
[2026-07-21T08:15:35.026+0000] {logging_mixin.py:188} INFO - Data loaded into transactions
[2026-07-21T08:15:35.981+0000] {python.py:237} INFO - Done. Returned value was: None
[2026-07-21T08:15:35.983+0000] {taskinstance.py:441} INFO - ::group::Post task execution logs
[2026-07-21T08:15:36.037+0000] {taskinstance.py:1206} INFO - Marking task as SUCCESS. dag_id=minio_to_snowflake_banking, task_id=load_snowflake, run_id=scheduled__2026-07-21T08:14:00+00:00, execution_date=20260721T081400, start_date=20260721T081526, end_date=20260721T081536
[2026-07-21T08:15:36.206+0000] {local_task_job_runner.py:243} INFO - Task exited with return code 0
[2026-07-21T08:15:36.253+0000] {taskinstance.py:3503} INFO - 0 downstream tasks scheduled from follow-on schedule check
[2026-07-21T08:15:36.259+0000] {local_task_job_runner.py:222} INFO - ::endgroup::
