[2026-07-22T05:55:11.519+0000] {local_task_job_runner.py:120} INFO - ::group::Pre task execution logs
[2026-07-22T05:55:11.584+0000] {taskinstance.py:2076} INFO - Dependencies all met for dep_context=non-requeueable deps ti=<TaskInstance: minio_to_snowflake_banking.download_minio scheduled__2026-07-22T05:54:00+00:00 [queued]>
[2026-07-22T05:55:11.605+0000] {taskinstance.py:2076} INFO - Dependencies all met for dep_context=requeueable deps ti=<TaskInstance: minio_to_snowflake_banking.download_minio scheduled__2026-07-22T05:54:00+00:00 [queued]>
[2026-07-22T05:55:11.606+0000] {taskinstance.py:2306} INFO - Starting attempt 1 of 2
[2026-07-22T05:55:11.784+0000] {taskinstance.py:2330} INFO - Executing <Task(PythonOperator): download_minio> on 2026-07-22 05:54:00+00:00
[2026-07-22T05:55:11.811+0000] {standard_task_runner.py:90} INFO - Running: ['***', 'tasks', 'run', 'minio_to_snowflake_banking', 'download_minio', 'scheduled__2026-07-22T05:54:00+00:00', '--job-id', '289', '--raw', '--subdir', 'DAGS_FOLDER/minio_to_snowflake_dags.py', '--cfg-path', '/tmp/tmpphg2l2hm']
[2026-07-22T05:55:11.824+0000] {standard_task_runner.py:91} INFO - Job 289: Subtask download_minio
[2026-07-22T05:55:11.828+0000] {logging_mixin.py:188} WARNING - /home/***/.local/lib/python3.12/site-packages/***/task/task_runner/standard_task_runner.py:62 DeprecationWarning: This process (pid=3872) is multi-threaded, use of fork() may lead to deadlocks in the child.
[2026-07-22T05:55:11.830+0000] {standard_task_runner.py:64} INFO - Started process 3887 to run task
[2026-07-22T05:55:12.004+0000] {task_command.py:426} INFO - Running <TaskInstance: minio_to_snowflake_banking.download_minio scheduled__2026-07-22T05:54:00+00:00 [running]> on host 149303f9254a
[2026-07-22T05:55:12.262+0000] {taskinstance.py:2648} INFO - Exporting env vars: AIRFLOW_CTX_DAG_OWNER='***' AIRFLOW_CTX_DAG_ID='minio_to_snowflake_banking' AIRFLOW_CTX_TASK_ID='download_minio' AIRFLOW_CTX_EXECUTION_DATE='2026-07-22T05:54:00+00:00' AIRFLOW_CTX_TRY_NUMBER='1' AIRFLOW_CTX_DAG_RUN_ID='scheduled__2026-07-22T05:54:00+00:00'
[2026-07-22T05:55:12.264+0000] {taskinstance.py:430} INFO - ::endgroup::
[2026-07-22T05:55:12.728+0000] {logging_mixin.py:188} INFO - Downloaded customers/date=2026-07-21/customers_133848829296.parquet -> /tmp/minio_downloads/customers_133848829296.parquet
[2026-07-22T05:55:12.821+0000] {logging_mixin.py:188} INFO - Downloaded accounts/date=2026-07-21/accounts_133849074863.parquet -> /tmp/minio_downloads/accounts_133849074863.parquet
[2026-07-22T05:55:12.862+0000] {logging_mixin.py:188} INFO - Downloaded accounts/date=2026-07-21/accounts_133849285490.parquet -> /tmp/minio_downloads/accounts_133849285490.parquet
[2026-07-22T05:55:12.991+0000] {logging_mixin.py:188} INFO - Downloaded transactions/date=2026-07-21/transactions_133847809355.parquet -> /tmp/minio_downloads/transactions_133847809355.parquet
[2026-07-22T05:55:13.027+0000] {logging_mixin.py:188} INFO - Downloaded transactions/date=2026-07-21/transactions_133848049821.parquet -> /tmp/minio_downloads/transactions_133848049821.parquet
[2026-07-22T05:55:13.063+0000] {logging_mixin.py:188} INFO - Downloaded transactions/date=2026-07-21/transactions_133848242882.parquet -> /tmp/minio_downloads/transactions_133848242882.parquet
[2026-07-22T05:55:13.100+0000] {logging_mixin.py:188} INFO - Downloaded transactions/date=2026-07-21/transactions_133848420970.parquet -> /tmp/minio_downloads/transactions_133848420970.parquet
[2026-07-22T05:55:13.135+0000] {logging_mixin.py:188} INFO - Downloaded transactions/date=2026-07-21/transactions_133848617410.parquet -> /tmp/minio_downloads/transactions_133848617410.parquet
[2026-07-22T05:55:13.137+0000] {python.py:237} INFO - Done. Returned value was: {'customers': ['/tmp/minio_downloads/customers_133848829296.parquet'], 'accounts': ['/tmp/minio_downloads/accounts_133849074863.parquet', '/tmp/minio_downloads/accounts_133849285490.parquet'], 'transactions': ['/tmp/minio_downloads/transactions_133847809355.parquet', '/tmp/minio_downloads/transactions_133848049821.parquet', '/tmp/minio_downloads/transactions_133848242882.parquet', '/tmp/minio_downloads/transactions_133848420970.parquet', '/tmp/minio_downloads/transactions_133848617410.parquet']}
[2026-07-22T05:55:13.139+0000] {taskinstance.py:441} INFO - ::group::Post task execution logs
[2026-07-22T05:55:13.201+0000] {taskinstance.py:1206} INFO - Marking task as SUCCESS. dag_id=minio_to_snowflake_banking, task_id=download_minio, run_id=scheduled__2026-07-22T05:54:00+00:00, execution_date=20260722T055400, start_date=20260722T055511, end_date=20260722T055513
[2026-07-22T05:55:13.256+0000] {local_task_job_runner.py:243} INFO - Task exited with return code 0
[2026-07-22T05:55:13.304+0000] {taskinstance.py:3503} INFO - 1 downstream tasks scheduled from follow-on schedule check
[2026-07-22T05:55:13.309+0000] {local_task_job_runner.py:222} INFO - ::endgroup::
