[2026-07-22T06:27:32.920+0000] {local_task_job_runner.py:120} INFO - ::group::Pre task execution logs
[2026-07-22T06:27:33.014+0000] {taskinstance.py:2076} INFO - Dependencies all met for dep_context=non-requeueable deps ti=<TaskInstance: minio_to_snowflake_banking.load_snowflake scheduled__2026-07-22T06:26:00+00:00 [queued]>
[2026-07-22T06:27:33.045+0000] {taskinstance.py:2076} INFO - Dependencies all met for dep_context=requeueable deps ti=<TaskInstance: minio_to_snowflake_banking.load_snowflake scheduled__2026-07-22T06:26:00+00:00 [queued]>
[2026-07-22T06:27:33.046+0000] {taskinstance.py:2306} INFO - Starting attempt 1 of 2
[2026-07-22T06:27:33.303+0000] {taskinstance.py:2330} INFO - Executing <Task(PythonOperator): load_snowflake> on 2026-07-22 06:26:00+00:00
[2026-07-22T06:27:33.349+0000] {standard_task_runner.py:90} INFO - Running: ['***', 'tasks', 'run', 'minio_to_snowflake_banking', 'load_snowflake', 'scheduled__2026-07-22T06:26:00+00:00', '--job-id', '354', '--raw', '--subdir', 'DAGS_FOLDER/minio_to_snowflake_dags.py', '--cfg-path', '/tmp/tmpi6uqeeer']
[2026-07-22T06:27:33.367+0000] {standard_task_runner.py:91} INFO - Job 354: Subtask load_snowflake
[2026-07-22T06:27:33.367+0000] {logging_mixin.py:188} WARNING - /home/***/.local/lib/python3.12/site-packages/***/task/task_runner/standard_task_runner.py:62 DeprecationWarning: This process (pid=6099) is multi-threaded, use of fork() may lead to deadlocks in the child.
[2026-07-22T06:27:33.372+0000] {standard_task_runner.py:64} INFO - Started process 6117 to run task
[2026-07-22T06:27:33.610+0000] {task_command.py:426} INFO - Running <TaskInstance: minio_to_snowflake_banking.load_snowflake scheduled__2026-07-22T06:26:00+00:00 [running]> on host 149303f9254a
[2026-07-22T06:27:33.905+0000] {taskinstance.py:2648} INFO - Exporting env vars: AIRFLOW_CTX_DAG_OWNER='***' AIRFLOW_CTX_DAG_ID='minio_to_snowflake_banking' AIRFLOW_CTX_TASK_ID='load_snowflake' AIRFLOW_CTX_EXECUTION_DATE='2026-07-22T06:26:00+00:00' AIRFLOW_CTX_TRY_NUMBER='1' AIRFLOW_CTX_DAG_RUN_ID='scheduled__2026-07-22T06:26:00+00:00'
[2026-07-22T06:27:33.909+0000] {taskinstance.py:430} INFO - ::endgroup::
[2026-07-22T06:27:34.000+0000] {connection.py:642} INFO - Snowflake Connector for Python Version: 4.7.1, Python Version: 3.12.4, Platform: Linux-6.6.87.2-microsoft-standard-WSL2-x86_64-with-glibc2.36
[2026-07-22T06:27:34.006+0000] {connection.py:1765} INFO - Connecting to GLOBAL Snowflake domain
[2026-07-22T06:27:37.430+0000] {logging_mixin.py:188} INFO - Uploaded /tmp/minio_downloads/customers_133848829296.parquet -> @customers stage
[2026-07-22T06:27:37.760+0000] {logging_mixin.py:188} INFO - Data loaded into customers
[2026-07-22T06:27:38.192+0000] {logging_mixin.py:188} INFO - Uploaded /tmp/minio_downloads/accounts_133849074863.parquet -> @accounts stage
[2026-07-22T06:27:38.613+0000] {logging_mixin.py:188} INFO - Uploaded /tmp/minio_downloads/accounts_133849285490.parquet -> @accounts stage
[2026-07-22T06:27:38.944+0000] {logging_mixin.py:188} INFO - Data loaded into accounts
[2026-07-22T06:27:39.313+0000] {logging_mixin.py:188} INFO - Uploaded /tmp/minio_downloads/transactions_133847809355.parquet -> @transactions stage
[2026-07-22T06:27:40.045+0000] {logging_mixin.py:188} INFO - Uploaded /tmp/minio_downloads/transactions_133848049821.parquet -> @transactions stage
[2026-07-22T06:27:40.224+0000] {logging_mixin.py:188} INFO - Uploaded /tmp/minio_downloads/transactions_133848242882.parquet -> @transactions stage
[2026-07-22T06:27:40.335+0000] {logging_mixin.py:188} INFO - Uploaded /tmp/minio_downloads/transactions_133848420970.parquet -> @transactions stage
[2026-07-22T06:27:40.444+0000] {logging_mixin.py:188} INFO - Uploaded /tmp/minio_downloads/transactions_133848617410.parquet -> @transactions stage
[2026-07-22T06:27:40.704+0000] {logging_mixin.py:188} INFO - Data loaded into transactions
[2026-07-22T06:27:40.789+0000] {python.py:237} INFO - Done. Returned value was: None
[2026-07-22T06:27:40.790+0000] {taskinstance.py:441} INFO - ::group::Post task execution logs
[2026-07-22T06:27:40.831+0000] {taskinstance.py:1206} INFO - Marking task as SUCCESS. dag_id=minio_to_snowflake_banking, task_id=load_snowflake, run_id=scheduled__2026-07-22T06:26:00+00:00, execution_date=20260722T062600, start_date=20260722T062733, end_date=20260722T062740
[2026-07-22T06:27:40.919+0000] {local_task_job_runner.py:243} INFO - Task exited with return code 0
[2026-07-22T06:27:40.961+0000] {taskinstance.py:3503} INFO - 0 downstream tasks scheduled from follow-on schedule check
[2026-07-22T06:27:40.965+0000] {local_task_job_runner.py:222} INFO - ::endgroup::
