[2026-07-22T05:06:28.093+0000] {local_task_job_runner.py:120} INFO - ::group::Pre task execution logs
[2026-07-22T05:06:28.183+0000] {taskinstance.py:2076} INFO - Dependencies all met for dep_context=non-requeueable deps ti=<TaskInstance: minio_to_snowflake_banking.load_snowflake scheduled__2026-07-22T05:05:00+00:00 [queued]>
[2026-07-22T05:06:28.213+0000] {taskinstance.py:2076} INFO - Dependencies all met for dep_context=requeueable deps ti=<TaskInstance: minio_to_snowflake_banking.load_snowflake scheduled__2026-07-22T05:05:00+00:00 [queued]>
[2026-07-22T05:06:28.215+0000] {taskinstance.py:2306} INFO - Starting attempt 1 of 2
[2026-07-22T05:06:28.425+0000] {taskinstance.py:2330} INFO - Executing <Task(PythonOperator): load_snowflake> on 2026-07-22 05:05:00+00:00
[2026-07-22T05:06:28.455+0000] {standard_task_runner.py:90} INFO - Running: ['***', 'tasks', 'run', 'minio_to_snowflake_banking', 'load_snowflake', 'scheduled__2026-07-22T05:05:00+00:00', '--job-id', '192', '--raw', '--subdir', 'DAGS_FOLDER/minio_to_snowflake_dags.py', '--cfg-path', '/tmp/tmp69_3ppst']
[2026-07-22T05:06:28.465+0000] {standard_task_runner.py:91} INFO - Job 192: Subtask load_snowflake
[2026-07-22T05:06:28.467+0000] {logging_mixin.py:188} WARNING - /home/***/.local/lib/python3.12/site-packages/***/task/task_runner/standard_task_runner.py:62 DeprecationWarning: This process (pid=536) is multi-threaded, use of fork() may lead to deadlocks in the child.
[2026-07-22T05:06:28.469+0000] {standard_task_runner.py:64} INFO - Started process 551 to run task
[2026-07-22T05:06:28.637+0000] {task_command.py:426} INFO - Running <TaskInstance: minio_to_snowflake_banking.load_snowflake scheduled__2026-07-22T05:05:00+00:00 [running]> on host 149303f9254a
[2026-07-22T05:06:28.947+0000] {taskinstance.py:2648} INFO - Exporting env vars: AIRFLOW_CTX_DAG_OWNER='***' AIRFLOW_CTX_DAG_ID='minio_to_snowflake_banking' AIRFLOW_CTX_TASK_ID='load_snowflake' AIRFLOW_CTX_EXECUTION_DATE='2026-07-22T05:05:00+00:00' AIRFLOW_CTX_TRY_NUMBER='1' AIRFLOW_CTX_DAG_RUN_ID='scheduled__2026-07-22T05:05:00+00:00'
[2026-07-22T05:06:28.952+0000] {taskinstance.py:430} INFO - ::endgroup::
[2026-07-22T05:06:29.039+0000] {connection.py:642} INFO - Snowflake Connector for Python Version: 4.7.1, Python Version: 3.12.4, Platform: Linux-6.6.87.2-microsoft-standard-WSL2-x86_64-with-glibc2.36
[2026-07-22T05:06:29.042+0000] {connection.py:1765} INFO - Connecting to GLOBAL Snowflake domain
[2026-07-22T05:06:39.733+0000] {logging_mixin.py:188} INFO - Uploaded /tmp/minio_downloads/customers_133848829296.parquet -> @customers stage
[2026-07-22T05:06:40.069+0000] {logging_mixin.py:188} INFO - Data loaded into customers
[2026-07-22T05:06:40.240+0000] {logging_mixin.py:188} INFO - Uploaded /tmp/minio_downloads/accounts_133849074863.parquet -> @accounts stage
[2026-07-22T05:06:40.420+0000] {logging_mixin.py:188} INFO - Uploaded /tmp/minio_downloads/accounts_133849285490.parquet -> @accounts stage
[2026-07-22T05:06:40.696+0000] {logging_mixin.py:188} INFO - Data loaded into accounts
[2026-07-22T05:06:40.864+0000] {logging_mixin.py:188} INFO - Uploaded /tmp/minio_downloads/transactions_133847809355.parquet -> @transactions stage
[2026-07-22T05:06:41.032+0000] {logging_mixin.py:188} INFO - Uploaded /tmp/minio_downloads/transactions_133848049821.parquet -> @transactions stage
[2026-07-22T05:06:41.202+0000] {logging_mixin.py:188} INFO - Uploaded /tmp/minio_downloads/transactions_133848242882.parquet -> @transactions stage
[2026-07-22T05:06:41.341+0000] {logging_mixin.py:188} INFO - Uploaded /tmp/minio_downloads/transactions_133848420970.parquet -> @transactions stage
[2026-07-22T05:06:41.470+0000] {logging_mixin.py:188} INFO - Uploaded /tmp/minio_downloads/transactions_133848617410.parquet -> @transactions stage
[2026-07-22T05:06:41.726+0000] {logging_mixin.py:188} INFO - Data loaded into transactions
[2026-07-22T05:06:41.838+0000] {python.py:237} INFO - Done. Returned value was: None
[2026-07-22T05:06:41.839+0000] {taskinstance.py:441} INFO - ::group::Post task execution logs
[2026-07-22T05:06:41.954+0000] {taskinstance.py:1206} INFO - Marking task as SUCCESS. dag_id=minio_to_snowflake_banking, task_id=load_snowflake, run_id=scheduled__2026-07-22T05:05:00+00:00, execution_date=20260722T050500, start_date=20260722T050628, end_date=20260722T050641
[2026-07-22T05:06:42.132+0000] {local_task_job_runner.py:243} INFO - Task exited with return code 0
[2026-07-22T05:06:42.300+0000] {taskinstance.py:3503} INFO - 0 downstream tasks scheduled from follow-on schedule check
[2026-07-22T05:06:42.306+0000] {local_task_job_runner.py:222} INFO - ::endgroup::
